Archive member included because of file (symbol)

build/z1/contiki-ng-z1.a(cc2420.o)
                              observer.o (cc2420_driver)
build/z1/contiki-ng-z1.a(cc2420-arch.o)
                              build/z1/contiki-ng-z1.a(cc2420.o) (cc2420_arch_init)
build/z1/contiki-ng-z1.a(cc2420-arch-sfd)
                              build/z1/contiki-ng-z1.a(cc2420-arch.o) (cc2420_arch_sfd_init)
build/z1/contiki-ng-z1.a(uart0-putchar.o)
                              build/z1/obj/contiki-main.o (putchar)
build/z1/contiki-ng-z1.a(adxl345.o)
                              build/z1/obj/accl.o (accm_read_axis)
build/z1/contiki-ng-z1.a(z1-phidgets.o)
                              build/z1/obj/dist.o (phidgets)
build/z1/contiki-ng-z1.a(platform.o)
                              build/z1/obj/contiki-main.o (platform_init_stage_one)
build/z1/contiki-ng-z1.a(msp430.o)
                              build/z1/contiki-ng-z1.a(platform.o) (msp430_dco_required)
build/z1/contiki-ng-z1.a(clock.o)
                              build/z1/obj/contiki-main.o (clock_init)
build/z1/contiki-ng-z1.a(watchdog.o)
                              build/z1/obj/contiki-main.o (watchdog_start)
build/z1/contiki-ng-z1.a(rtimer-arch.o)
                              build/z1/contiki-ng-z1.a(cc2420.o) (rtimer_arch_now)
build/z1/contiki-ng-z1.a(serial-shell.o)
                              build/z1/obj/contiki-main.o (serial_shell_init)
build/z1/contiki-ng-z1.a(rpl-border-rout)
                              build/z1/obj/contiki-main.o (rpl_border_router_init)
build/z1/contiki-ng-z1.a(autostart.o)
                              build/z1/obj/contiki-main.o (autostart_start)
build/z1/contiki-ng-z1.a(ctimer.o)
                              build/z1/obj/contiki-main.o (ctimer_init)
build/z1/contiki-ng-z1.a(energest.o)
                              build/z1/obj/contiki-main.o (energest_init)
build/z1/contiki-ng-z1.a(etimer.o)
                              build/z1/contiki-ng-z1.a(clock.o) (etimer_request_poll)
build/z1/contiki-ng-z1.a(log.o)
                              observer.o (log_6addr)
build/z1/contiki-ng-z1.a(rtimer.o)
                              build/z1/obj/contiki-main.o (rtimer_init)
build/z1/contiki-ng-z1.a(node-id.o)
                              build/z1/obj/contiki-main.o (node_id_init)
build/z1/contiki-ng-z1.a(process.o)
                              build/z1/contiki-ng-z1.a(ctimer.o) (process_current)
build/z1/contiki-ng-z1.a(timer.o)
                              build/z1/contiki-ng-z1.a(adxl345.o) (timer_set)
build/z1/contiki-ng-z1.a(stack-check.o)
                              build/z1/obj/contiki-main.o (stack_check_init)
build/z1/contiki-ng-z1.a(list.o)
                              build/z1/contiki-ng-z1.a(ctimer.o) (list_init)
build/z1/contiki-ng-z1.a(random.o)
                              build/z1/contiki-ng-z1.a(platform.o) (random_init)
build/z1/contiki-ng-z1.a(serial-line.o)
                              build/z1/contiki-ng-z1.a(serial-shell.o) (serial_line_event_message)
build/z1/contiki-ng-z1.a(queuebuf.o)
                              build/z1/obj/contiki-main.o (queuebuf_init)
build/z1/contiki-ng-z1.a(packetbuf.o)
                              build/z1/contiki-ng-z1.a(cc2420.o) (packetbuf_set_datalen)
build/z1/contiki-ng-z1.a(netstack.o)
                              build/z1/obj/contiki-main.o (netstack_init)
build/z1/contiki-ng-z1.a(linkaddr.o)
                              build/z1/contiki-ng-z1.a(platform.o) (linkaddr_copy)
build/z1/contiki-ng-z1.a(tsch.o)
                              observer.o (tsch_is_coordinator)
build/z1/contiki-ng-z1.a(tsch-schedule.o)
                              build/z1/contiki-ng-z1.a(tsch.o) (tsch_schedule_add_slotframe)
build/z1/contiki-ng-z1.a(tsch-slot-opera)
                              build/z1/contiki-ng-z1.a(tsch.o) (dequeued_ringbuf)
build/z1/contiki-ng-z1.a(tsch-security.o)
                              build/z1/contiki-ng-z1.a(tsch.o) (tsch_security_set_packetbuf_attr)
build/z1/contiki-ng-z1.a(tsch-rpl.o)
                              build/z1/contiki-ng-z1.a(tsch.o) (tsch_rpl_callback_ka_sent)
build/z1/contiki-ng-z1.a(tsch-adaptive-t)
                              build/z1/contiki-ng-z1.a(tsch-slot-opera) (tsch_timesync_adaptive_compensate)
build/z1/contiki-ng-z1.a(tsch-packet.o)
                              build/z1/contiki-ng-z1.a(tsch-slot-opera) (tsch_packet_create_eack)
build/z1/contiki-ng-z1.a(uip-ds6.o)
                              build/z1/contiki-ng-z1.a(rpl-border-rout) (uip_ds6_if)
build/z1/contiki-ng-z1.a(uiplib.o)
                              build/z1/contiki-ng-z1.a(log.o) (uiplib_ipaddr_snprint)
build/z1/contiki-ng-z1.a(tcpip.o)
                              build/z1/obj/contiki-main.o (tcpip_process)
build/z1/contiki-ng-z1.a(uip-ds6-route.o)
                              build/z1/contiki-ng-z1.a(uip-ds6.o) (uip_ds6_route_init)
build/z1/contiki-ng-z1.a(uip6.o)
                              build/z1/contiki-ng-z1.a(tcpip.o) (uip_aligned_buf)
[...]
Memory Configuration

Name             Origin             Length             Attributes
sfr              0x00000000         0x00000010
peripheral_8bit  0x00000010         0x000000f0
peripheral_16bit 0x00000100         0x00000100
ram_mirror       0x00000200         0x00000800         xw
infomem          0x00001000         0x00000100
infod            0x00001000         0x00000040
infoc            0x00001040         0x00000040
infob            0x00001080         0x00000040
infoa            0x000010c0         0x00000040
ram              0x00001100         0x00002000         xw
rom              0x00003100         0x0000cebe         xr
vectors          0x0000ffc0         0x00000040
far_rom          0x00010000         0x0000a000
bsl              0x00000000         0x00000000
ram2             0x00000000         0x00000000         xw
usbram           0x00000000         0x00000000         xw
*default*        0x00000000         0xffffffff

Linker script and memory map

LOAD /usr/local/bin/../lib/gcc/msp430/4.7.2/mcpu-430x/mmpy-16/msr20/mc20/crt0ivtbl32.o
                0x00000041                __P1SEL2 = 0x41
                0x00000045                __P5SEL2 = 0x45
                0x00002c44                _stack = _end
LOAD observer.o
LOAD build/z1/obj/accl.o
LOAD build/z1/obj/dist.o
LOAD build/z1/obj/contiki-main.o
LOAD build/z1/contiki-ng-z1.a
LOAD /usr/local/bin/../lib/gcc/msp430/4.7.2/mcpu-430x/mmpy-16/msr20/mc20/libgcc.a
LOAD /usr/local/bin/../lib/gcc/msp430/4.7.2/../../../../msp430/lib/mcpu-430x/mmpy-16/msr20/mc20/libc.a
LOAD /usr/local/bin/../lib/gcc/msp430/4.7.2/mcpu-430x/mmpy-16/msr20/mc20/libgcc.a
LOAD /usr/local/bin/../lib/gcc/msp430/4.7.2/mcpu-430x/mmpy-16/msr20/mc20/libcrt0.a
                0x00000040                PROVIDE (__info_segment_size, 0x40)
                0x00001000                PROVIDE (__infod, 0x1000)
                0x00001040                PROVIDE (__infoc, 0x1040)
                0x00001080                PROVIDE (__infob, 0x1080)
                0x000010c0                PROVIDE (__infoa, 0x10c0)
                0x00000000                __IE1 = 0x0
                0x00000002                __IFG1 = 0x2
                0x00000001                __IE2 = 0x1
                0x00000003                __IFG2 = 0x3
                0x00000006                __UC1IE = 0x6
                0x00000007                __UC1IFG = 0x7
                0x000001a0                __ADC12CTL0 = 0x1a0
                0x000001a2                __ADC12CTL1 = 0x1a2
                0x000001a4                __ADC12IFG = 0x1a4
                0x000001a6                __ADC12IE = 0x1a6
                0x000001a8                __ADC12IV = 0x1a8
                0x00000140                __ADC12MEM0 = 0x140
                0x00000142                __ADC12MEM1 = 0x142
                0x00000144                __ADC12MEM2 = 0x144
                0x00000146                __ADC12MEM3 = 0x146
                0x00000148                __ADC12MEM4 = 0x148
                0x0000014a                __ADC12MEM5 = 0x14a
                0x0000014c                __ADC12MEM6 = 0x14c
                0x0000014e                __ADC12MEM7 = 0x14e
                0x00000150                __ADC12MEM8 = 0x150
                0x00000152                __ADC12MEM9 = 0x152
                0x00000154                __ADC12MEM10 = 0x154
                0x00000156                __ADC12MEM11 = 0x156
                0x00000158                __ADC12MEM12 = 0x158
                0x0000015a                __ADC12MEM13 = 0x15a
                0x0000015c                __ADC12MEM14 = 0x15c
                0x0000015e                __ADC12MEM15 = 0x15e
                0x00000080                __ADC12MCTL0 = 0x80
                0x00000081                __ADC12MCTL1 = 0x81
                0x00000082                __ADC12MCTL2 = 0x82
                0x00000083                __ADC12MCTL3 = 0x83
                0x00000084                __ADC12MCTL4 = 0x84
                0x00000085                __ADC12MCTL5 = 0x85
                0x00000086                __ADC12MCTL6 = 0x86
                0x00000087                __ADC12MCTL7 = 0x87
                0x00000088                __ADC12MCTL8 = 0x88
                0x00000089                __ADC12MCTL9 = 0x89
                0x0000008a                __ADC12MCTL10 = 0x8a
                0x0000008b                __ADC12MCTL11 = 0x8b
                0x0000008c                __ADC12MCTL12 = 0x8c
                0x0000008d                __ADC12MCTL13 = 0x8d
                0x0000008e                __ADC12MCTL14 = 0x8e
                0x0000008f                __ADC12MCTL15 = 0x8f
                0x00000056                __DCOCTL = 0x56
                0x00000057                __BCSCTL1 = 0x57
                0x00000058                __BCSCTL2 = 0x58
                0x00000053                __BCSCTL3 = 0x53
                0x00000059                __CACTL1 = 0x59
                0x0000005a                __CACTL2 = 0x5a
                0x0000005b                __CAPD = 0x5b
                0x000001c0                __DAC12_0CTL = 0x1c0
                0x000001c2                __DAC12_1CTL = 0x1c2
                0x000001c8                __DAC12_0DAT = 0x1c8
                0x000001ca                __DAC12_1DAT = 0x1ca
                0x00000122                __DMACTL0 = 0x122
                0x00000124                __DMACTL1 = 0x124
                0x00000126                __DMAIV = 0x126
                0x000001d0                __DMA0CTL = 0x1d0
                0x000001dc                __DMA1CTL = 0x1dc
                0x000001e8                __DMA2CTL = 0x1e8
                0x000001d2                __DMA0SA = 0x1d2
                0x000001d2                __DMA0SAL = 0x1d2
                0x000001d6                __DMA0DA = 0x1d6
                0x000001d6                __DMA0DAL = 0x1d6
                0x000001da                __DMA0SZ = 0x1da
                0x000001de                __DMA1SA = 0x1de
                0x000001de                __DMA1SAL = 0x1de
                0x000001e2                __DMA1DA = 0x1e2
                0x000001e2                __DMA1DAL = 0x1e2
                0x000001e6                __DMA1SZ = 0x1e6
                0x000001ea                __DMA2SA = 0x1ea
                0x000001ea                __DMA2SAL = 0x1ea
                0x000001ee                __DMA2DA = 0x1ee
                0x000001ee                __DMA2DAL = 0x1ee
                0x000001f2                __DMA2SZ = 0x1f2
                0x00000128                __FCTL1 = 0x128
                0x0000012a                __FCTL2 = 0x12a
                0x0000012c                __FCTL3 = 0x12c
                0x000001be                __FCTL4 = 0x1be
                0x00000130                __MPY = 0x130
                0x00000132                __MPYS = 0x132
                0x00000134                __MAC = 0x134
                0x00000136                __MACS = 0x136
                0x00000138                __OP2 = 0x138
                0x0000013a                __RESLO = 0x13a
                0x0000013c                __RESHI = 0x13c
                0x0000013e                __SUMEXT = 0x13e
                0x00000020                __P1IN = 0x20
                0x00000021                __P1OUT = 0x21
                0x00000022                __P1DIR = 0x22
                0x00000023                __P1IFG = 0x23
                0x00000024                __P1IES = 0x24
                0x00000025                __P1IE = 0x25
                0x00000026                __P1SEL = 0x26
                0x00000027                __P1REN = 0x27
                0x00000028                __P2IN = 0x28
                0x00000029                __P2OUT = 0x29
                0x0000002a                __P2DIR = 0x2a
                0x0000002b                __P2IFG = 0x2b
                0x0000002c                __P2IES = 0x2c
                0x0000002d                __P2IE = 0x2d
                0x0000002e                __P2SEL = 0x2e
                0x0000002f                __P2REN = 0x2f
                0x00000018                __P3IN = 0x18
                0x00000019                __P3OUT = 0x19
                0x0000001a                __P3DIR = 0x1a
                0x0000001b                __P3SEL = 0x1b
                0x00000010                __P3REN = 0x10
                0x0000001c                __P4IN = 0x1c
                0x0000001d                __P4OUT = 0x1d
                0x0000001e                __P4DIR = 0x1e
                0x0000001f                __P4SEL = 0x1f
                0x00000011                __P4REN = 0x11
                0x00000030                __P5IN = 0x30
                0x00000031                __P5OUT = 0x31
                0x00000032                __P5DIR = 0x32
                0x00000033                __P5SEL = 0x33
                0x00000012                __P5REN = 0x12
                0x00000034                __P6IN = 0x34
                0x00000035                __P6OUT = 0x35
                0x00000036                __P6DIR = 0x36
                0x00000037                __P6SEL = 0x37
                0x00000013                __P6REN = 0x13
                0x00000038                __P7IN = 0x38
                0x0000003a                __P7OUT = 0x3a
                0x0000003c                __P7DIR = 0x3c
                0x0000003e                __P7SEL = 0x3e
                0x00000014                __P7REN = 0x14
                0x00000039                __P8IN = 0x39
                0x0000003b                __P8OUT = 0x3b
                0x0000003d                __P8DIR = 0x3d
                0x0000003f                __P8SEL = 0x3f
                0x00000015                __P8REN = 0x15
                0x00000038                __PAIN = 0x38
                0x0000003a                __PAOUT = 0x3a
                0x0000003c                __PADIR = 0x3c
                0x0000003e                __PASEL = 0x3e
                0x00000014                __PAREN = 0x14
                0x00000055                __SVSCTL = 0x55
                0x0000012e                __TAIV = 0x12e
                0x00000160                __TACTL = 0x160
                0x00000162                __TACCTL0 = 0x162
                0x00000164                __TACCTL1 = 0x164
                0x00000166                __TACCTL2 = 0x166
                0x00000170                __TAR = 0x170
                0x00000172                __TACCR0 = 0x172
                0x00000174                __TACCR1 = 0x174
                0x00000176                __TACCR2 = 0x176
                0x0000011e                __TBIV = 0x11e
                0x00000180                __TBCTL = 0x180
                0x00000182                __TBCCTL0 = 0x182
                0x00000184                __TBCCTL1 = 0x184
                0x00000186                __TBCCTL2 = 0x186
                0x00000188                __TBCCTL3 = 0x188
                0x0000018a                __TBCCTL4 = 0x18a
                0x0000018c                __TBCCTL5 = 0x18c
                0x0000018e                __TBCCTL6 = 0x18e
                0x00000190                __TBR = 0x190
                0x00000192                __TBCCR0 = 0x192
                0x00000194                __TBCCR1 = 0x194
                0x00000196                __TBCCR2 = 0x196
                0x00000198                __TBCCR3 = 0x198
                0x0000019a                __TBCCR4 = 0x19a
                0x0000019c                __TBCCR5 = 0x19c
                0x0000019e                __TBCCR6 = 0x19e
                0x00000060                __UCA0CTL0 = 0x60
                0x00000061                __UCA0CTL1 = 0x61
                0x00000062                __UCA0BR0 = 0x62
                0x00000063                __UCA0BR1 = 0x63
                0x00000064                __UCA0MCTL = 0x64
                0x00000065                __UCA0STAT = 0x65
                0x00000066                __UCA0RXBUF = 0x66
                0x00000067                __UCA0TXBUF = 0x67
                0x0000005d                __UCA0ABCTL = 0x5d
                0x0000005e                __UCA0IRTCTL = 0x5e
                0x0000005f                __UCA0IRRCTL = 0x5f
                0x00000068                __UCB0CTL0 = 0x68
                0x00000069                __UCB0CTL1 = 0x69
                0x0000006a                __UCB0BR0 = 0x6a
                0x0000006b                __UCB0BR1 = 0x6b
                0x0000006c                __UCB0I2CIE = 0x6c
                0x0000006d                __UCB0STAT = 0x6d
                0x0000006e                __UCB0RXBUF = 0x6e
                0x0000006f                __UCB0TXBUF = 0x6f
                0x00000118                __UCB0I2COA = 0x118
                0x0000011a                __UCB0I2CSA = 0x11a
                0x000000d0                __UCA1CTL0 = 0xd0
                0x000000d1                __UCA1CTL1 = 0xd1
                0x000000d2                __UCA1BR0 = 0xd2
                0x000000d3                __UCA1BR1 = 0xd3
                0x000000d4                __UCA1MCTL = 0xd4
                0x000000d5                __UCA1STAT = 0xd5
                0x000000d6                __UCA1RXBUF = 0xd6
                0x000000d7                __UCA1TXBUF = 0xd7
                0x000000cd                __UCA1ABCTL = 0xcd
                0x000000ce                __UCA1IRTCTL = 0xce
                0x000000cf                __UCA1IRRCTL = 0xcf
                0x000000d8                __UCB1CTL0 = 0xd8
                0x000000d9                __UCB1CTL1 = 0xd9
                0x000000da                __UCB1BR0 = 0xda
                0x000000db                __UCB1BR1 = 0xdb
                0x000000dc                __UCB1I2CIE = 0xdc
                0x000000dd                __UCB1STAT = 0xdd
                0x000000de                __UCB1RXBUF = 0xde
                0x000000df                __UCB1TXBUF = 0xdf
                0x0000017c                __UCB1I2COA = 0x17c
                0x0000017e                __UCB1I2CSA = 0x17e
                0x00000120                __WDTCTL = 0x120
                0x000010c0                __TLV_CHECKSUM = 0x10c0
                0x000010f6                __TLV_DCO_30_TAG = 0x10f6
                0x000010f7                __TLV_DCO_30_LEN = 0x10f7
                0x000010da                __TLV_ADC12_1_TAG = 0x10da
                0x000010db                __TLV_ADC12_1_LEN = 0x10db
                0x000010f8                __CALDCO_16MHZ = 0x10f8
                0x000010f9                __CALBC1_16MHZ = 0x10f9
                0x000010fa                __CALDCO_12MHZ = 0x10fa
                0x000010fb                __CALBC1_12MHZ = 0x10fb
                0x000010fc                __CALDCO_8MHZ = 0x10fc
                0x000010fd                __CALBC1_8MHZ = 0x10fd
                0x000010fe                __CALDCO_1MHZ = 0x10fe
                0x000010ff                __CALBC1_1MHZ = 0x10ff

.hash
 *(.hash)

.dynsym
 *(.dynsym)

.dynstr
 *(.dynstr)

.gnu.version
 *(.gnu.version)

.gnu.version_d
 *(.gnu.version_d)

.gnu.version_r
 *(.gnu.version_r)

.rel.init
 *(.rel.init)

.rela.init
 *(.rela.init)

.rel.fini
 *(.rel.fini)

.rela.fini
 *(.rela.fini)

.rel.text
 *(.rel.text .rel.text.* .rel.gnu.linkonce.t.*)

.rela.text
 *(.rela.text .rela.text.* .rela.gnu.linkonce.t.*)

.rel.rodata
 *(.rel.rodata .rel.rodata.* .rel.gnu.linkonce.r.*)

.rela.rodata
 *(.rela.rodata .rela.rodata.* .rela.gnu.linkonce.r.*)

.rel.data
 *(.rel.data .rel.data.* .rel.gnu.linkonce.d.*)

.rela.data
 *(.rela.data .rela.data.* .rela.gnu.linkonce.d.*)

.rel.bss
 *(.rel.bss .rel.bss.* .rel.gnu.linkonce.b.*)

.rela.bss
 *(.rela.bss .rela.bss.* .rela.gnu.linkonce.b.*)

.rel.ctors
 *(.rel.ctors)

.rela.ctors
 *(.rela.ctors)

.rel.dtors
 *(.rel.dtors)

.rela.dtors
 *(.rela.dtors)

.rel.got
 *(.rel.got)

.rela.got
 *(.rela.got)

.rel.plt
 *(.rel.plt)

.rela.plt
 *(.rela.plt)

.text           0x00003100     0x9b72
                0x00003100                . = ALIGN (0x2)
 *(.init .init.*)
 *(.init0)
 .init0         0x00003100        0x0 /usr/local/bin/../lib/gcc/msp430/4.7.2/mcpu-430x/mmpy-16/msr20/mc20/libcrt0.a(_reset_vector__.o)
                0x00003100                _reset_vector__
 *(.init1)
 .init1         0x00003100        0xc /usr/local/bin/../lib/gcc/msp430/4.7.2/mcpu-430x/mmpy-16/msr20/mc20/libcrt0.a(__watchdog_support.o)
                0x00003100                __watchdog_support
 *(.init2)
 .init2         0x0000310c        0x4 /usr/local/bin/../lib/gcc/msp430/4.7.2/mcpu-430x/mmpy-16/msr20/mc20/libcrt0.a(__init_stack.o)
                0x0000310c                __init_stack
 *(.init3)
 .init3         0x00003110        0x0 /usr/local/bin/../lib/gcc/msp430/4.7.2/mcpu-430x/mmpy-16/msr20/mc20/libcrt0.a(__low_level_init.o)
                0x00003110                __low_level_init
 *(.init4)
 .init4         0x00003110       0x18 /usr/local/bin/../lib/gcc/msp430/4.7.2/mcpu-430x/mmpy-16/msr20/mc20/libcrt0.a(_copy_data.o)
                0x00003110                __do_copy_data
 .init4         0x00003128       0x16 /usr/local/bin/../lib/gcc/msp430/4.7.2/mcpu-430x/mmpy-16/msr20/mc20/libcrt0.a(_clear_bss.o)
                0x00003128                __do_clear_bss
 *(.init5)
 *(.init6)
 *(.init7)
 *(.init8)
 *(.init9)
 .init9         0x0000313e      0x238 build/z1/obj/contiki-main.o
                0x0000313e                main
 *(.fini9)
 .fini9         0x00003376        0x0 /usr/local/bin/../lib/gcc/msp430/4.7.2/mcpu-430x/mmpy-16/msr20/mc20/libcrt0.a(__stop_progExec__.o)
                0x00003376                __stop_progExec__
 *(.fini8)
 *(.fini7)
 *(.fini6)
 *(.fini5)
 *(.fini4)
 *(.fini3)
 *(.fini2)
 *(.fini1)
 *(.fini0)
 .fini0         0x00003376        0x6 /usr/local/bin/../lib/gcc/msp430/4.7.2/mcpu-430x/mmpy-16/msr20/mc20/libcrt0.a(_endless_loop__.o)
                0x00003376                _endless_loop__
 *(.fini .fini.*)
                0x0000337c                . = ALIGN (0x2)
                0x0000337c                __ctors_start = .
 *(.ctors)
                0x0000337c                __ctors_end = .
                0x0000337c                __dtors_start = .
 *(.dtors)
                0x0000337c                __dtors_end = .
                0x0000337c                . = ALIGN (0x2)
 *(.text .text.* .gnu.linkonce.t.*)
 .text          0x0000337c        0x4 /usr/local/bin/../lib/gcc/msp430/4.7.2/mcpu-430x/mmpy-16/msr20/mc20/crt0ivtbl32.o
                0x0000337c                __isr_14
                0x0000337c                __isr_4
                0x0000337c                __isr_29
                0x0000337c                __isr_11
                0x0000337c                __isr_5
                0x0000337c                __isr_2
                0x0000337c                __isr_10
                0x0000337c                __isr_7
                0x0000337c                __isr_0
                0x0000337c                __isr_8
                0x0000337c                __isr_20
                0x0000337c                __isr_3
                0x0000337c                __isr_12
                0x0000337c                __isr_13
                0x0000337c                __isr_27
                0x0000337c                __isr_9
                0x0000337c                __isr_30
                0x0000337c                __isr_6
                0x0000337c                __isr_22
                0x0000337c                __isr_1
                0x0000337c                __isr_15
                0x0000337c                __isr_21
 .text.libgcc   0x00003380       0x26 /usr/local/bin/../lib/gcc/msp430/4.7.2/mcpu-430x/mmpy-16/msr20/mc20/libgcc.a(_mulsi3.o)
                0x00003380                __mulsi3
 .text.libgcc   0x000033a6       0x26 /usr/local/bin/../lib/gcc/msp430/4.7.2/mcpu-430x/mmpy-16/msr20/mc20/libgcc.a(_mulsidi3.o)
                0x000033a6                __mulsidi3
 .text.libgcc   0x000033cc       0x58 /usr/local/bin/../lib/gcc/msp430/4.7.2/mcpu-430x/mmpy-16/msr20/mc20/libgcc.a(_muldi3.o)
                0x000033cc                __muldi3
                0x000033e6                __xabi_muldi3
 .text.libgcc   0x00003424       0x22 /usr/local/bin/../lib/gcc/msp430/4.7.2/mcpu-430x/mmpy-16/msr20/mc20/libgcc.a(_udivmod16.o)
                0x00003424                __udivhi3
                0x00003424                __ext_udivmod16
                0x0000343e                __umodhi3
 .text.libgcc   0x00003446       0x3a /usr/local/bin/../lib/gcc/msp430/4.7.2/mcpu-430x/mmpy-16/msr20/mc20/libgcc.a(_divmod16.o)
                0x00003446                __ext_divmod16
                0x00003446                __divhi3
                0x00003478                __modhi3
 .text.libgcc   0x00003480       0x38 /usr/local/bin/../lib/gcc/msp430/4.7.2/mcpu-430x/mmpy-16/msr20/mc20/libgcc.a(_udivmod32.o)
                0x00003480                __udivsi3
                0x00003480                __ext_udivmod32
                0x000034ae                __umodsi3
 .text.libgcc   0x000034b8       0x4c /usr/local/bin/../lib/gcc/msp430/4.7.2/mcpu-430x/mmpy-16/msr20/mc20/libgcc.a(_divmod32.o)
                0x000034b8                __ext_divmod32
                0x000034b8                __divsi3
                0x000034fa                __modsi3
 .text.libgcc   0x00003504       0x9e /usr/local/bin/../lib/gcc/msp430/4.7.2/mcpu-430x/mmpy-16/msr20/mc20/libgcc.a(_divmod64.o)
                0x00003504                __xabi_divmod64
                0x00003566                __divdi3
                0x00003580                __moddi3
 .text.libgcc   0x000035a2       0xbc /usr/local/bin/../lib/gcc/msp430/4.7.2/mcpu-430x/mmpy-16/msr20/mc20/libgcc.a(_udivmod64.o)
                0x000035a2                __xabi_udivmod64
                0x000035f4                __udivdi3
                0x0000360e                __umoddi3
                0x00003630                __udivmoddi4
 .text.ldiv     0x0000365e       0x12 /usr/local/bin/../lib/gcc/msp430/4.7.2/../../../../msp430/lib/mcpu-430x/mmpy-16/msr20/mc20/libc.a(ldiv.o)
                0x0000365e                ldiv
 .text.crt0     0x00003670        0x2 /usr/local/bin/../lib/gcc/msp430/4.7.2/mcpu-430x/mmpy-16/msr20/mc20/libcrt0.a(_unexpected_.o)
                0x00003670                _unexpected_
 *(.near.text .near.text.*)
 .near.text.cc2420_timerb1_interrupt
                0x00003672       0x26 build/z1/contiki-ng-z1.a(cc2420-arch-sfd)
                0x00003672                cc2420_timerb1_interrupt
                0x00003672                __isr_28
 .near.text.port1_isr
                0x00003698       0x84 build/z1/contiki-ng-z1.a(adxl345.o)
                0x00003698                port1_isr
                0x00003698                __isr_18
 .near.text.timera1
                0x0000371c       0xd0 build/z1/contiki-ng-z1.a(clock.o)
                0x0000371c                __isr_24
                0x0000371c                timera1
 .near.text.watchdog_interrupt
                0x000037ec        0x6 build/z1/contiki-ng-z1.a(watchdog.o)
                0x000037ec                __isr_26
                0x000037ec                watchdog_interrupt
 .near.text.timera0
                0x000037f2       0x22 build/z1/contiki-ng-z1.a(rtimer-arch.o)
                0x000037f2                __isr_25
                0x000037f2                timera0
 .near.text.i2c_tx_interrupt
                0x00003814       0x84 build/z1/contiki-ng-z1.a(i2cmaster.o)
                0x00003814                __isr_16
                0x00003814                i2c_tx_interrupt
 .near.text.i2c_rx_interrupt
                0x00003898       0x14 build/z1/contiki-ng-z1.a(i2cmaster.o)
                0x00003898                i2c_rx_interrupt
                0x00003898                __isr_17
 .near.text.irq_p2
                0x000038ac       0x3c build/z1/contiki-ng-z1.a(button-sensor.o)
                0x000038ac                irq_p2
                0x000038ac                __isr_19
 .near.text.uart0_rx_interrupt
                0x000038e8       0x2a build/z1/contiki-ng-z1.a(uart0.o)
                0x000038e8                __isr_23
                0x000038e8                uart0_rx_interrupt
 .any.text.process_thread_obs_process
                0x00003912       0x7e observer.o
 .any.text.udp_rx_callback
                0x00003990       0xbe observer.o
 .any.text.set_object
                0x00003a4e        0x4 build/z1/contiki-ng-z1.a(cc2420.o)
 .any.text.strobe
                0x00003a52       0x1a build/z1/contiki-ng-z1.a(cc2420.o)
 .any.text.getreg
                0x00003a6c       0x46 build/z1/contiki-ng-z1.a(cc2420.o)
 .any.text.setreg
                0x00003ab2       0x44 build/z1/contiki-ng-z1.a(cc2420.o)
 .any.text.write_ram
                0x00003af6       0x72 build/z1/contiki-ng-z1.a(cc2420.o)
 .any.text.write_fifo_buf
                0x00003b68       0x38 build/z1/contiki-ng-z1.a(cc2420.o)
 .any.text.get_status
                0x00003ba0       0x1e build/z1/contiki-ng-z1.a(cc2420.o)
 .any.text.on   0x00003bbe       0x1a build/z1/contiki-ng-z1.a(cc2420.o)
 .any.text.cc2420_receiving_packet
                0x00003bd8        0xa build/z1/contiki-ng-z1.a(cc2420.o)
 .any.text.pending_packet
                0x00003be2        0xa build/z1/contiki-ng-z1.a(cc2420.o)
 .any.text.wait_for_transmission
                0x00003bec       0x22 build/z1/contiki-ng-z1.a(cc2420.o)
 .any.text.wait_for_status
                0x00003c0e       0x24 build/z1/contiki-ng-z1.a(cc2420.o)
 .any.text.getrxdata
                0x00003c32       0x4c build/z1/contiki-ng-z1.a(cc2420.o)
 .any.text.flushrx
                0x00003c7e       0x1a build/z1/contiki-ng-z1.a(cc2420.o)
 .any.text.off  0x00003c98       0x28 build/z1/contiki-ng-z1.a(cc2420.o)
 .any.text.RELEASE_LOCK
                0x00003cc0       0x28 build/z1/contiki-ng-z1.a(cc2420.o)
 .any.text.set_frame_filtering
                0x00003ce8       0x30 build/z1/contiki-ng-z1.a(cc2420.o)
 .any.text.set_auto_ack
                0x00003d18       0x30 build/z1/contiki-ng-z1.a(cc2420.o)
 .any.text.set_poll_mode
                0x00003d48       0x2c build/z1/contiki-ng-z1.a(cc2420.o)
 .any.text.get_object
                0x00003d74       0x20 build/z1/contiki-ng-z1.a(cc2420.o)
 .any.text.cc2420_prepare
                0x00003d94       0x42 build/z1/contiki-ng-z1.a(cc2420.o)
 .any.text.cc2420_on
                0x00003dd6       0x22 build/z1/contiki-ng-z1.a(cc2420.o)
                0x00003dd6                cc2420_on
 .any.text.cc2420_transmit
                0x00003df8       0x66 build/z1/contiki-ng-z1.a(cc2420.o)
 .any.text.cc2420_send
                0x00003e5e       0x12 build/z1/contiki-ng-z1.a(cc2420.o)
 .any.text.cc2420_off
                0x00003e70       0x30 build/z1/contiki-ng-z1.a(cc2420.o)
                0x00003e70                cc2420_off
 .any.text.cc2420_cca
                0x00003ea0       0x54 build/z1/contiki-ng-z1.a(cc2420.o)
 .any.text.cc2420_read
                0x00003ef4       0xba build/z1/contiki-ng-z1.a(cc2420.o)
 .any.text.process_thread_cc2420_process
                0x00003fae       0x62 build/z1/contiki-ng-z1.a(cc2420.o)
 .any.text.cc2420_set_channel
                0x00004010       0x3a build/z1/contiki-ng-z1.a(cc2420.o)
                0x00004010                cc2420_set_channel
 .any.text.cc2420_set_pan_addr
                0x0000404a       0x4c build/z1/contiki-ng-z1.a(cc2420.o)
                0x0000404a                cc2420_set_pan_addr
 .any.text.cc2420_interrupt
                0x00004096       0x16 build/z1/contiki-ng-z1.a(cc2420.o)
                0x00004096                cc2420_interrupt
 .any.text.cc2420_set_txpower
                0x000040ac       0x2c build/z1/contiki-ng-z1.a(cc2420.o)
                0x000040ac                cc2420_set_txpower
 .any.text.cc2420_get_txpower
                0x000040d8       0x1e build/z1/contiki-ng-z1.a(cc2420.o)
                0x000040d8                cc2420_get_txpower
 .any.text.cc2420_rssi
                0x000040f6       0x48 build/z1/contiki-ng-z1.a(cc2420.o)
                0x000040f6                cc2420_rssi
 .any.text.get_value
                0x0000413e      0x11e build/z1/contiki-ng-z1.a(cc2420.o)
 .any.text.cc2420_set_cca_threshold
                0x0000425c       0x16 build/z1/contiki-ng-z1.a(cc2420.o)
                0x0000425c                cc2420_set_cca_threshold
 .any.text.set_value
                0x00004272      0x14a build/z1/contiki-ng-z1.a(cc2420.o)
 .any.text.cc2420_init
                0x000043bc       0xea build/z1/contiki-ng-z1.a(cc2420.o)
                0x000043bc                cc2420_init
 .any.text.cc2420_arch_init
                0x000044a6       0x1e build/z1/contiki-ng-z1.a(cc2420-arch.o)
                0x000044a6                cc2420_arch_init
 .any.text.cc2420_arch_sfd_init
                0x000044c4       0x26 build/z1/contiki-ng-z1.a(cc2420-arch-sfd)
                0x000044c4                cc2420_arch_sfd_init
 .any.text.putchar
                0x000044ea       0x3c build/z1/contiki-ng-z1.a(uart0-putchar.o)
                0x000044ea                putchar
 .any.text.status
                0x00004526       0x12 build/z1/contiki-ng-z1.a(adxl345.o)
 .any.text.accm_write_reg
                0x00004538       0x2e build/z1/contiki-ng-z1.a(adxl345.o)
 .any.text.accm_write_stream
                0x00004566       0x2a build/z1/contiki-ng-z1.a(adxl345.o)
 .any.text.accm_read_reg
                0x00004590       0x54 build/z1/contiki-ng-z1.a(adxl345.o)
 .any.text.process_thread_accmeter_process
                0x000045e4       0x56 build/z1/contiki-ng-z1.a(adxl345.o)
 .any.text.accm_read_axis.part.0
                0x0000463a       0x5a build/z1/contiki-ng-z1.a(adxl345.o)
 .any.text.value
                0x00004694       0x1e build/z1/contiki-ng-z1.a(adxl345.o)
 .any.text.accm_init
                0x000046b2       0x78 build/z1/contiki-ng-z1.a(adxl345.o)
                0x000046b2                accm_init
 .any.text.accm_stop
                0x0000472a       0x32 build/z1/contiki-ng-z1.a(adxl345.o)
                0x0000472a                accm_stop
 .any.text.configure
                0x0000475c       0x26 build/z1/contiki-ng-z1.a(adxl345.o)
 .any.text.platform_init_stage_one
                0x00004782       0x12 build/z1/contiki-ng-z1.a(platform.o)
                0x00004782                platform_init_stage_one
 .any.text.platform_init_stage_two
                0x00004794       0xea build/z1/contiki-ng-z1.a(platform.o)
                0x00004794                platform_init_stage_two
 .any.text.platform_init_stage_three
                0x0000487e       0x64 build/z1/contiki-ng-z1.a(platform.o)
                0x0000487e                platform_init_stage_three
 .any.text.platform_idle
                0x000048e2       0x38 build/z1/contiki-ng-z1.a(platform.o)
                0x000048e2                platform_idle
 .any.text.msp430_init_dco
                0x0000491a       0x28 build/z1/contiki-ng-z1.a(msp430.o)
                0x0000491a                msp430_init_dco
 .any.text.splhigh_
                0x00004942        0x8 build/z1/contiki-ng-z1.a(msp430.o)
                0x00004942                splhigh_
 .any.text.msp430_sync_dco
                0x0000494a       0x6e build/z1/contiki-ng-z1.a(msp430.o)
                0x0000494a                msp430_sync_dco
 .any.text.msp430_cpu_init
                0x000049b8       0x2e build/z1/contiki-ng-z1.a(msp430.o)
                0x000049b8                msp430_cpu_init
 .any.text.clock_time
                0x000049e6       0x1a build/z1/contiki-ng-z1.a(clock.o)
                0x000049e6                clock_time
 .any.text.clock_init
                0x00004a00       0x28 build/z1/contiki-ng-z1.a(clock.o)
                0x00004a00                clock_init
 .any.text.clock_delay
                0x00004a28        0xc build/z1/contiki-ng-z1.a(clock.o)
                0x00004a28                clock_delay
 .any.text.clock_wait
                0x00004a34       0x24 build/z1/contiki-ng-z1.a(clock.o)
                0x00004a34                clock_wait
 .any.text.clock_seconds
                0x00004a58       0x1a build/z1/contiki-ng-z1.a(clock.o)
                0x00004a58                clock_seconds
 .any.text.watchdog_start
                0x00004a72       0x14 build/z1/contiki-ng-z1.a(watchdog.o)
                0x00004a72                watchdog_start
 .any.text.watchdog_periodic
                0x00004a86       0x12 build/z1/contiki-ng-z1.a(watchdog.o)
                0x00004a86                watchdog_periodic
 .any.text.watchdog_stop
                0x00004a98       0x16 build/z1/contiki-ng-z1.a(watchdog.o)
                0x00004a98                watchdog_stop
 .any.text.watchdog_init
                0x00004aae       0x12 build/z1/contiki-ng-z1.a(watchdog.o)
                0x00004aae                watchdog_init
 .any.text.watchdog_reboot
                0x00004ac0        0x6 build/z1/contiki-ng-z1.a(watchdog.o)
                0x00004ac0                watchdog_reboot
 .any.text.rtimer_arch_init
                0x00004ac6        0xe build/z1/contiki-ng-z1.a(rtimer-arch.o)
                0x00004ac6                rtimer_arch_init
 .any.text.rtimer_arch_now
                0x00004ad4        0xe build/z1/contiki-ng-z1.a(rtimer-arch.o)
                0x00004ad4                rtimer_arch_now
 .any.text.rtimer_arch_schedule
                0x00004ae2        0x6 build/z1/contiki-ng-z1.a(rtimer-arch.o)
                0x00004ae2                rtimer_arch_schedule
 .any.text.process_thread_serial_shell_process
                0x00004ae8       0x62 build/z1/contiki-ng-z1.a(serial-shell.o)
 .any.text.serial_shell_output
                0x00004b4a        0xe build/z1/contiki-ng-z1.a(serial-shell.o)
 .any.text.serial_shell_init
                0x00004b58        0xc build/z1/contiki-ng-z1.a(serial-shell.o)
                0x00004b58                serial_shell_init
 .any.text.print_local_addresses
                0x00004b64       0x7e build/z1/contiki-ng-z1.a(rpl-border-rout)
                0x00004b64                print_local_addresses
 .any.text.set_prefix_64
                0x00004be2       0x16 build/z1/contiki-ng-z1.a(rpl-border-rout)
                0x00004be2                set_prefix_64
 .any.text.rpl_border_router_init
                0x00004bf8        0xc build/z1/contiki-ng-z1.a(rpl-border-rout)
                0x00004bf8                rpl_border_router_init
 .any.text.autostart_start
                0x00004c04       0x16 build/z1/contiki-ng-z1.a(autostart.o)
                0x00004c04                autostart_start
 .any.text.process_thread_ctimer_process
                0x00004c1a       0xa0 build/z1/contiki-ng-z1.a(ctimer.o)
 .any.text.ctimer_init
                0x00004cba       0x18 build/z1/contiki-ng-z1.a(ctimer.o)
                0x00004cba                ctimer_init
 .any.text.ctimer_set_with_process
                0x00004cd2       0x4a build/z1/contiki-ng-z1.a(ctimer.o)
                0x00004cd2                ctimer_set_with_process
 .any.text.ctimer_set
                0x00004d1c       0x10 build/z1/contiki-ng-z1.a(ctimer.o)
                0x00004d1c                ctimer_set
 .any.text.ctimer_reset
                0x00004d2c       0x2c build/z1/contiki-ng-z1.a(ctimer.o)
                0x00004d2c                ctimer_reset
 .any.text.ctimer_stop
                0x00004d58       0x28 build/z1/contiki-ng-z1.a(ctimer.o)
                0x00004d58                ctimer_stop
 .any.text.ctimer_expired
                0x00004d80       0x30 build/z1/contiki-ng-z1.a(ctimer.o)
                0x00004d80                ctimer_expired
 .any.text.energest_init
                0x00004db0        0x2 build/z1/contiki-ng-z1.a(energest.o)
                0x00004db0                energest_init
 .any.text.energest_flush
                0x00004db2        0x2 build/z1/contiki-ng-z1.a(energest.o)
                0x00004db2                energest_flush
 .any.text.update_time
                0x00004db4       0x70 build/z1/contiki-ng-z1.a(etimer.o)
 .any.text.etimer_request_poll
                0x00004e24        0xa build/z1/contiki-ng-z1.a(etimer.o)
                0x00004e24                etimer_request_poll
 .any.text.process_thread_etimer_process
                0x00004e2e       0xc4 build/z1/contiki-ng-z1.a(etimer.o)
 .any.text.add_timer
                0x00004ef2       0x40 build/z1/contiki-ng-z1.a(etimer.o)
 .any.text.etimer_set
                0x00004f32       0x12 build/z1/contiki-ng-z1.a(etimer.o)
                0x00004f32                etimer_set
 .any.text.etimer_reset
                0x00004f44       0x12 build/z1/contiki-ng-z1.a(etimer.o)
                0x00004f44                etimer_reset
 .any.text.etimer_expired
                0x00004f56        0xe build/z1/contiki-ng-z1.a(etimer.o)
                0x00004f56                etimer_expired
 .any.text.etimer_pending
                0x00004f64        0xc build/z1/contiki-ng-z1.a(etimer.o)
                0x00004f64                etimer_pending
 .any.text.etimer_next_expiration_time
                0x00004f70       0x16 build/z1/contiki-ng-z1.a(etimer.o)
                0x00004f70                etimer_next_expiration_time
 .any.text.etimer_stop
                0x00004f86       0x3e build/z1/contiki-ng-z1.a(etimer.o)
                0x00004f86                etimer_stop
 .any.text.log_6addr
                0x00004fc4       0x32 build/z1/contiki-ng-z1.a(log.o)
                0x00004fc4                log_6addr
 .any.text.log_lladdr
                0x00004ff6       0x40 build/z1/contiki-ng-z1.a(log.o)
                0x00004ff6                log_lladdr
 .any.text.log_set_level
                0x00005036       0x4c build/z1/contiki-ng-z1.a(log.o)
                0x00005036                log_set_level
 .any.text.log_get_level
                0x00005082       0x42 build/z1/contiki-ng-z1.a(log.o)
                0x00005082                log_get_level
 .any.text.log_level_to_str
                0x000050c4       0x14 build/z1/contiki-ng-z1.a(log.o)
                0x000050c4                log_level_to_str
 .any.text.rtimer_init
                0x000050d8        0x6 build/z1/contiki-ng-z1.a(rtimer.o)
                0x000050d8                rtimer_init
 .any.text.rtimer_set
                0x000050de       0x24 build/z1/contiki-ng-z1.a(rtimer.o)
                0x000050de                rtimer_set
 .any.text.rtimer_run_next
                0x00005102       0x26 build/z1/contiki-ng-z1.a(rtimer.o)
                0x00005102                rtimer_run_next
 .any.text.node_id_init
                0x00005128       0x14 build/z1/contiki-ng-z1.a(node-id.o)
                0x00005128                node_id_init
 .any.text.call_process
                0x0000513c       0x40 build/z1/contiki-ng-z1.a(process.o)
 .any.text.exit_process
                0x0000517c       0x88 build/z1/contiki-ng-z1.a(process.o)
 .any.text.do_poll
                0x00005204       0x30 build/z1/contiki-ng-z1.a(process.o)
 .any.text.process_alloc_event
                0x00005234        0xe build/z1/contiki-ng-z1.a(process.o)
                0x00005234                process_alloc_event
 .any.text.process_init
                0x00005242       0x1c build/z1/contiki-ng-z1.a(process.o)
                0x00005242                process_init
 .any.text.process_run
                0x0000525e       0x8c build/z1/contiki-ng-z1.a(process.o)
                0x0000525e                process_run
 .any.text.process_nevents
                0x000052ea        0xe build/z1/contiki-ng-z1.a(process.o)
                0x000052ea                process_nevents
 .any.text.process_post
                0x000052f8       0x4a build/z1/contiki-ng-z1.a(process.o)
                0x000052f8                process_post
 .any.text.process_post_synch
                0x00005342       0x12 build/z1/contiki-ng-z1.a(process.o)
                0x00005342                process_post_synch
 .any.text.process_start
                0x00005354       0x36 build/z1/contiki-ng-z1.a(process.o)
                0x00005354                process_start
 .any.text.process_poll
                0x0000538a       0x18 build/z1/contiki-ng-z1.a(process.o)
                0x0000538a                process_poll
 .any.text.timer_set
                0x000053a2       0x1c build/z1/contiki-ng-z1.a(timer.o)
                0x000053a2                timer_set
 .any.text.timer_expired
                0x000053be       0x2a build/z1/contiki-ng-z1.a(timer.o)
                0x000053be                timer_expired
 .any.text.timer_reset
                0x000053e8       0x1c build/z1/contiki-ng-z1.a(timer.o)
                0x000053e8                timer_reset
 .any.text.stack_check_init
                0x00005404       0x2e build/z1/contiki-ng-z1.a(stack-check.o)
                0x00005404                stack_check_init
 .any.text.stack_check_get_usage
                0x00005432       0x54 build/z1/contiki-ng-z1.a(stack-check.o)
                0x00005432                stack_check_get_usage
 .any.text.process_thread_stack_check_process
                0x00005486       0xd2 build/z1/contiki-ng-z1.a(stack-check.o)
 .any.text.list_init
                0x00005558        0x6 build/z1/contiki-ng-z1.a(list.o)
                0x00005558                list_init
 .any.text.list_head
                0x0000555e        0x4 build/z1/contiki-ng-z1.a(list.o)
                0x0000555e                list_head
 .any.text.list_tail
                0x00005562       0x12 build/z1/contiki-ng-z1.a(list.o)
                0x00005562                list_tail
 .any.text.list_remove
                0x00005574       0x34 build/z1/contiki-ng-z1.a(list.o)
                0x00005574                list_remove
 .any.text.list_push
                0x000055a8       0x16 build/z1/contiki-ng-z1.a(list.o)
                0x000055a8                list_push
 .any.text.list_add
                0x000055be       0x26 build/z1/contiki-ng-z1.a(list.o)
                0x000055be                list_add
 .any.text.list_item_next
                0x000055e4        0xc build/z1/contiki-ng-z1.a(list.o)
                0x000055e4                list_item_next
 .any.text.random_init
                0x000055f0        0x6 build/z1/contiki-ng-z1.a(random.o)
                0x000055f0                random_init
 .any.text.random_rand
                0x000055f6        0x6 build/z1/contiki-ng-z1.a(random.o)
                0x000055f6                random_rand
 .any.text.queuebuf_init
                0x000055fc       0x12 build/z1/contiki-ng-z1.a(queuebuf.o)
                0x000055fc                queuebuf_init
 .any.text.queuebuf_new_from_packetbuf
                0x0000560e       0x4e build/z1/contiki-ng-z1.a(queuebuf.o)
                0x0000560e                queuebuf_new_from_packetbuf
 .any.text.queuebuf_free
                0x0000565c       0x2a build/z1/contiki-ng-z1.a(queuebuf.o)
                0x0000565c                queuebuf_free
 .any.text.queuebuf_to_packetbuf
                0x00005686       0x32 build/z1/contiki-ng-z1.a(queuebuf.o)
                0x00005686                queuebuf_to_packetbuf
 .any.text.queuebuf_dataptr
                0x000056b8       0x1c build/z1/contiki-ng-z1.a(queuebuf.o)
                0x000056b8                queuebuf_dataptr
 .any.text.queuebuf_datalen
                0x000056d4        0x8 build/z1/contiki-ng-z1.a(queuebuf.o)
                0x000056d4                queuebuf_datalen
 .any.text.packetbuf_hdrreduce
                0x000056dc       0x1a build/z1/contiki-ng-z1.a(packetbuf.o)
                0x000056dc                packetbuf_hdrreduce
 .any.text.packetbuf_set_datalen
                0x000056f6        0x6 build/z1/contiki-ng-z1.a(packetbuf.o)
                0x000056f6                packetbuf_set_datalen
 .any.text.packetbuf_hdrptr
                0x000056fc        0x6 build/z1/contiki-ng-z1.a(packetbuf.o)
                0x000056fc                packetbuf_hdrptr
 .any.text.packetbuf_datalen
                0x00005702        0x6 build/z1/contiki-ng-z1.a(packetbuf.o)
                0x00005702                packetbuf_datalen
 .any.text.packetbuf_hdrlen
                0x00005708        0xa build/z1/contiki-ng-z1.a(packetbuf.o)
                0x00005708                packetbuf_hdrlen
 .any.text.packetbuf_dataptr
                0x00005712        0xc build/z1/contiki-ng-z1.a(packetbuf.o)
                0x00005712                packetbuf_dataptr
 .any.text.packetbuf_copyto
                0x0000571e       0x3a build/z1/contiki-ng-z1.a(packetbuf.o)
                0x0000571e                packetbuf_copyto
 .any.text.packetbuf_totlen
                0x00005758        0xc build/z1/contiki-ng-z1.a(packetbuf.o)
                0x00005758                packetbuf_totlen
 .any.text.packetbuf_hdralloc
                0x00005764       0x3c build/z1/contiki-ng-z1.a(packetbuf.o)
                0x00005764                packetbuf_hdralloc
 .any.text.packetbuf_remaininglen
                0x000057a0        0xe build/z1/contiki-ng-z1.a(packetbuf.o)
                0x000057a0                packetbuf_remaininglen
 .any.text.packetbuf_attr_clear
                0x000057ae       0x28 build/z1/contiki-ng-z1.a(packetbuf.o)
                0x000057ae                packetbuf_attr_clear
 .any.text.packetbuf_clear
                0x000057d6       0x12 build/z1/contiki-ng-z1.a(packetbuf.o)
                0x000057d6                packetbuf_clear
 .any.text.packetbuf_copyfrom
                0x000057e8       0x2a build/z1/contiki-ng-z1.a(packetbuf.o)
                0x000057e8                packetbuf_copyfrom
 .any.text.packetbuf_attr_copyto
                0x00005812       0x22 build/z1/contiki-ng-z1.a(packetbuf.o)
                0x00005812                packetbuf_attr_copyto
 .any.text.packetbuf_attr_copyfrom
                0x00005834       0x24 build/z1/contiki-ng-z1.a(packetbuf.o)
                0x00005834                packetbuf_attr_copyfrom
 .any.text.packetbuf_set_attr
                0x00005858        0xc build/z1/contiki-ng-z1.a(packetbuf.o)
                0x00005858                packetbuf_set_attr
 .any.text.packetbuf_attr
                0x00005864        0xa build/z1/contiki-ng-z1.a(packetbuf.o)
                0x00005864                packetbuf_attr
 .any.text.packetbuf_set_addr
                0x0000586e       0x14 build/z1/contiki-ng-z1.a(packetbuf.o)
                0x0000586e                packetbuf_set_addr
 .any.text.packetbuf_addr
                0x00005882        0xe build/z1/contiki-ng-z1.a(packetbuf.o)
                0x00005882                packetbuf_addr
 .any.text.packetbuf_holds_broadcast
                0x00005890        0xe build/z1/contiki-ng-z1.a(packetbuf.o)
                0x00005890                packetbuf_holds_broadcast
 .any.text.netstack_process_ip_callback
                0x0000589e       0x46 build/z1/contiki-ng-z1.a(netstack.o)
                0x0000589e                netstack_process_ip_callback
 .any.text.netstack_init
                0x000058e4        0xe build/z1/contiki-ng-z1.a(netstack.o)
                0x000058e4                netstack_init
 .any.text.linkaddr_copy
                0x000058f2        0x8 build/z1/contiki-ng-z1.a(linkaddr.o)
                0x000058f2                linkaddr_copy
 .any.text.linkaddr_cmp
                0x000058fa       0x12 build/z1/contiki-ng-z1.a(linkaddr.o)
                0x000058fa                linkaddr_cmp
 .any.text.linkaddr_set_node_addr
                0x0000590c        0xc build/z1/contiki-ng-z1.a(linkaddr.o)
                0x0000590c                linkaddr_set_node_addr
 .any.text.turn_off
                0x00005918        0x8 build/z1/contiki-ng-z1.a(tsch.o)
 .any.text.send_packet
                0x00005920      0x178 build/z1/contiki-ng-z1.a(tsch.o)
 .any.text.tsch_reset
                0x00005a98       0xa2 build/z1/contiki-ng-z1.a(tsch.o)
 .any.text.tsch_init
                0x00005b3a      0x192 build/z1/contiki-ng-z1.a(tsch.o)
 .any.text.process_thread_tsch_send_eb_process
                0x00005ccc      0x186 build/z1/contiki-ng-z1.a(tsch.o)
 .any.text.max_payload
                0x00005e52       0x80 build/z1/contiki-ng-z1.a(tsch.o)
 .any.text.turn_on
                0x00005ed2       0x36 build/z1/contiki-ng-z1.a(tsch.o)
 .any.text.packet_input
                0x00005f08       0x9e build/z1/contiki-ng-z1.a(tsch.o)
 .any.text.keepalive_send
                0x00005fa6       0x5e build/z1/contiki-ng-z1.a(tsch.o)
 .any.text.tsch_set_coordinator
                0x00006004       0x1a build/z1/contiki-ng-z1.a(tsch.o)
                0x00006004                tsch_set_coordinator
 .any.text.tsch_set_pan_secured
                0x0000601e        0x6 build/z1/contiki-ng-z1.a(tsch.o)
                0x0000601e                tsch_set_pan_secured
 .any.text.tsch_set_join_priority
                0x00006024        0x6 build/z1/contiki-ng-z1.a(tsch.o)
                0x00006024                tsch_set_join_priority
 .any.text.tsch_set_eb_period
                0x0000602a       0x1a build/z1/contiki-ng-z1.a(tsch.o)
                0x0000602a                tsch_set_eb_period
 .any.text.tsch_schedule_keepalive
                0x00006044       0x20 build/z1/contiki-ng-z1.a(tsch.o)
                0x00006044                tsch_schedule_keepalive
 .any.text.tsch_set_ka_timeout
                0x00006064       0x10 build/z1/contiki-ng-z1.a(tsch.o)
                0x00006064                tsch_set_ka_timeout
 .any.text.tsch_disassociate
                0x00006074       0x18 build/z1/contiki-ng-z1.a(tsch.o)
                0x00006074                tsch_disassociate
 .any.text.process_thread_tsch_pending_events_process
                0x0000608c      0x34e build/z1/contiki-ng-z1.a(tsch.o)
 .any.text.keepalive_packet_sent
                0x000063da       0xf6 build/z1/contiki-ng-z1.a(tsch.o)
 .any.text.tsch_scan
                0x000064d0      0x45a build/z1/contiki-ng-z1.a(tsch.o)
                0x000064d0                tsch_scan
 .any.text.process_thread_tsch_process
                0x0000692a       0xf0 build/z1/contiki-ng-z1.a(tsch.o)
 .any.text.tsch_schedule_get_slotframe_by_handle
                0x00006a1a       0x2e build/z1/contiki-ng-z1.a(tsch-schedule.o)
                0x00006a1a                tsch_schedule_get_slotframe_by_handle
 .any.text.tsch_schedule_add_slotframe
                0x00006a48       0x74 build/z1/contiki-ng-z1.a(tsch-schedule.o)
                0x00006a48                tsch_schedule_add_slotframe
 .any.text.tsch_schedule_remove_link
                0x00006abc       0x9a build/z1/contiki-ng-z1.a(tsch-schedule.o)
                0x00006abc                tsch_schedule_remove_link
 .any.text.tsch_schedule_remove_slotframe
                0x00006b56       0x46 build/z1/contiki-ng-z1.a(tsch-schedule.o)
                0x00006b56                tsch_schedule_remove_slotframe
 .any.text.tsch_schedule_remove_all_slotframes
                0x00006b9c       0x1e build/z1/contiki-ng-z1.a(tsch-schedule.o)
                0x00006b9c                tsch_schedule_remove_all_slotframes
 .any.text.tsch_schedule_remove_link_by_timeslot
                0x00006bba       0x54 build/z1/contiki-ng-z1.a(tsch-schedule.o)
                0x00006bba                tsch_schedule_remove_link_by_timeslot
 .any.text.tsch_schedule_add_link
                0x00006c0e      0x12a build/z1/contiki-ng-z1.a(tsch-schedule.o)
                0x00006c0e                tsch_schedule_add_link
 .any.text.tsch_schedule_get_next_active_link
                0x00006d38      0x1a0 build/z1/contiki-ng-z1.a(tsch-schedule.o)
                0x00006d38                tsch_schedule_get_next_active_link
 .any.text.tsch_schedule_init
                0x00006ed8       0x2c build/z1/contiki-ng-z1.a(tsch-schedule.o)
                0x00006ed8                tsch_schedule_init
 .any.text.tsch_schedule_create_minimal
                0x00006f04       0x28 build/z1/contiki-ng-z1.a(tsch-schedule.o)
                0x00006f04                tsch_schedule_create_minimal
 .any.text.tsch_schedule_slotframe_head
                0x00006f2c        0xa build/z1/contiki-ng-z1.a(tsch-schedule.o)
                0x00006f2c                tsch_schedule_slotframe_head
 .any.text.tsch_schedule_slotframe_next
                0x00006f36        0x6 build/z1/contiki-ng-z1.a(tsch-schedule.o)
                0x00006f36                tsch_schedule_slotframe_next
 .any.text.update_link_backoff
                0x00006f3c       0x1a build/z1/contiki-ng-z1.a(tsch-slot-opera)
 .any.text.tsch_radio_on.part.1
                0x00006f56        0x6 build/z1/contiki-ng-z1.a(tsch-slot-opera)
 .any.text.tsch_radio_off.part.2
                0x00006f5c        0x6 build/z1/contiki-ng-z1.a(tsch-slot-opera)
 .any.text.tsch_schedule_slot_operation.isra.3
                0x00006f62       0x5e build/z1/contiki-ng-z1.a(tsch-slot-opera)
 .any.text.get_packet_and_neighbor_for_link.constprop.6
                0x00006fc0       0x68 build/z1/contiki-ng-z1.a(tsch-slot-opera)
 .any.text.tsch_tx_slot.constprop.5
                0x00007028      0x424 build/z1/contiki-ng-z1.a(tsch-slot-opera)
 .any.text.tsch_slot_operation
                0x0000744c      0x71a build/z1/contiki-ng-z1.a(tsch-slot-opera)
 .any.text.tsch_is_locked
                0x00007b66        0x6 build/z1/contiki-ng-z1.a(tsch-slot-opera)
                0x00007b66                tsch_is_locked
 .any.text.tsch_get_lock
                0x00007b6c       0x42 build/z1/contiki-ng-z1.a(tsch-slot-opera)
                0x00007b6c                tsch_get_lock
 .any.text.tsch_release_lock
                0x00007bae        0x6 build/z1/contiki-ng-z1.a(tsch-slot-opera)
                0x00007bae                tsch_release_lock
 .any.text.tsch_get_network_uptime_ticks
                0x00007bb4       0xa0 build/z1/contiki-ng-z1.a(tsch-slot-opera)
                0x00007bb4                tsch_get_network_uptime_ticks
 .any.text.tsch_slot_operation_start
                0x00007c54       0x86 build/z1/contiki-ng-z1.a(tsch-slot-opera)
                0x00007c54                tsch_slot_operation_start
 .any.text.tsch_slot_operation_sync
                0x00007cda       0x42 build/z1/contiki-ng-z1.a(tsch-slot-opera)
                0x00007cda                tsch_slot_operation_sync
 .any.text.tsch_security_set_packetbuf_attr
                0x00007d1c        0x2 build/z1/contiki-ng-z1.a(tsch-security.o)
                0x00007d1c                tsch_security_set_packetbuf_attr
 .any.text.tsch_rpl_callback_ka_sent
                0x00007d1e       0x1a build/z1/contiki-ng-z1.a(tsch-rpl.o)
                0x00007d1e                tsch_rpl_callback_ka_sent
 .any.text.tsch_rpl_callback_joining_network
                0x00007d38        0x2 build/z1/contiki-ng-z1.a(tsch-rpl.o)
                0x00007d38                tsch_rpl_callback_joining_network
 .any.text.tsch_rpl_callback_leaving_network
                0x00007d3a        0xe build/z1/contiki-ng-z1.a(tsch-rpl.o)
                0x00007d3a                tsch_rpl_callback_leaving_network
 .any.text.tsch_rpl_callback_new_dio_interval
                0x00007d48       0x46 build/z1/contiki-ng-z1.a(tsch-rpl.o)
                0x00007d48                tsch_rpl_callback_new_dio_interval
 .any.text.tsch_rpl_callback_parent_switch
                0x00007d8e       0x16 build/z1/contiki-ng-z1.a(tsch-rpl.o)
                0x00007d8e                tsch_rpl_callback_parent_switch
 .any.text.tsch_rpl_check_dodag_joined
                0x00007da4        0x6 build/z1/contiki-ng-z1.a(tsch-rpl.o)
                0x00007da4                tsch_rpl_check_dodag_joined
 .any.text.tsch_adaptive_timesync_get_drift_ppm
                0x00007daa       0x22 build/z1/contiki-ng-z1.a(tsch-adaptive-t)
                0x00007daa                tsch_adaptive_timesync_get_drift_ppm
 .any.text.tsch_timesync_adaptive_compensate
                0x00007dcc      0x20c build/z1/contiki-ng-z1.a(tsch-adaptive-t)
                0x00007dcc                tsch_timesync_adaptive_compensate
 .any.text.tsch_adaptive_timesync_reset
                0x00007fd8       0x22 build/z1/contiki-ng-z1.a(tsch-adaptive-t)
                0x00007fd8                tsch_adaptive_timesync_reset
 .any.text.tsch_timesync_update
                0x00007ffa      0x184 build/z1/contiki-ng-z1.a(tsch-adaptive-t)
                0x00007ffa                tsch_timesync_update
 .any.text.tsch_packet_eackbuf_attr
                0x0000817e        0xa build/z1/contiki-ng-z1.a(tsch-packet.o)
                0x0000817e                tsch_packet_eackbuf_attr
 .any.text.tsch_packet_create_eack
                0x00008188       0xb6 build/z1/contiki-ng-z1.a(tsch-packet.o)
                0x00008188                tsch_packet_create_eack
 .any.text.tsch_packet_parse_eack
                0x0000823e       0xb6 build/z1/contiki-ng-z1.a(tsch-packet.o)
                0x0000823e                tsch_packet_parse_eack
 .any.text.tsch_packet_create_eb
                0x000082f4      0x15a build/z1/contiki-ng-z1.a(tsch-packet.o)
                0x000082f4                tsch_packet_create_eb
 .any.text.tsch_packet_update_eb
                0x0000844e       0x42 build/z1/contiki-ng-z1.a(tsch-packet.o)
                0x0000844e                tsch_packet_update_eb
 .any.text.tsch_packet_parse_eb
                0x00008490       0xc0 build/z1/contiki-ng-z1.a(tsch-packet.o)
                0x00008490                tsch_packet_parse_eb
 .any.text.tsch_packet_set_frame_pending
                0x00008550        0x8 build/z1/contiki-ng-z1.a(tsch-packet.o)
                0x00008550                tsch_packet_set_frame_pending
 .any.text.tsch_packet_get_frame_pending
                0x00008558        0x8 build/z1/contiki-ng-z1.a(tsch-packet.o)
                0x00008558                tsch_packet_get_frame_pending
 .any.text.uip_ds6_default_prefix
                0x00008560        0x6 build/z1/contiki-ng-z1.a(uip-ds6.o)
                0x00008560                uip_ds6_default_prefix
 .any.text.uip_ds6_list_loop
                0x00008566       0x72 build/z1/contiki-ng-z1.a(uip-ds6.o)
                0x00008566                uip_ds6_list_loop
 .any.text.uip_ds6_prefix_add
                0x000085d8       0x70 build/z1/contiki-ng-z1.a(uip-ds6.o)
                0x000085d8                uip_ds6_prefix_add
 .any.text.uip_ds6_is_addr_onlink
                0x00008648       0x42 build/z1/contiki-ng-z1.a(uip-ds6.o)
                0x00008648                uip_ds6_is_addr_onlink
 .any.text.uip_ds6_addr_lookup
                0x0000868a       0x2a build/z1/contiki-ng-z1.a(uip-ds6.o)
                0x0000868a                uip_ds6_addr_lookup
 .any.text.uip_ds6_get_link_local
                0x000086b4       0x3e build/z1/contiki-ng-z1.a(uip-ds6.o)
                0x000086b4                uip_ds6_get_link_local
 .any.text.uip_ds6_maddr_add
                0x000086f2       0x48 build/z1/contiki-ng-z1.a(uip-ds6.o)
                0x000086f2                uip_ds6_maddr_add
 .any.text.uip_ds6_addr_add
                0x0000873a       0xb4 build/z1/contiki-ng-z1.a(uip-ds6.o)
                0x0000873a                uip_ds6_addr_add
 .any.text.uip_ds6_maddr_rm
                0x000087ee        0xa build/z1/contiki-ng-z1.a(uip-ds6.o)
                0x000087ee                uip_ds6_maddr_rm
 .any.text.uip_ds6_maddr_lookup
                0x000087f8       0x2a build/z1/contiki-ng-z1.a(uip-ds6.o)
                0x000087f8                uip_ds6_maddr_lookup
 .any.text.uip_ds6_addr_rm
                0x00008822       0x54 build/z1/contiki-ng-z1.a(uip-ds6.o)
                0x00008822                uip_ds6_addr_rm
 .any.text.uip_ds6_periodic
                0x00008876       0x46 build/z1/contiki-ng-z1.a(uip-ds6.o)
                0x00008876                uip_ds6_periodic
 .any.text.uip_ds6_set_addr_iid
                0x000088bc       0x14 build/z1/contiki-ng-z1.a(uip-ds6.o)
                0x000088bc                uip_ds6_set_addr_iid
 .any.text.uip_ds6_set_lladdr_from_iid
                0x000088d0       0x14 build/z1/contiki-ng-z1.a(uip-ds6.o)
                0x000088d0                uip_ds6_set_lladdr_from_iid
 .any.text.get_match_length
                0x000088e4       0x3c build/z1/contiki-ng-z1.a(uip-ds6.o)
                0x000088e4                get_match_length
 .any.text.uip_ds6_select_src
                0x00008920       0x9a build/z1/contiki-ng-z1.a(uip-ds6.o)
                0x00008920                uip_ds6_select_src
 .any.text.uip_ds6_compute_reachable_time
                0x000089ba       0x36 build/z1/contiki-ng-z1.a(uip-ds6.o)
                0x000089ba                uip_ds6_compute_reachable_time
 .any.text.uip_ds6_init
                0x000089f0      0x164 build/z1/contiki-ng-z1.a(uip-ds6.o)
                0x000089f0                uip_ds6_init
 .any.text.uiplib_ip6addrconv
                0x00008b54       0xfa build/z1/contiki-ng-z1.a(uiplib.o)
                0x00008b54                uiplib_ip6addrconv
 .any.text.uiplib_ipaddr_snprint
                0x00008c4e      0x114 build/z1/contiki-ng-z1.a(uiplib.o)
                0x00008c4e                uiplib_ipaddr_snprint
 .any.text.tcpip_output
                0x00008d62       0x22 build/z1/contiki-ng-z1.a(tcpip.o)
                0x00008d62                tcpip_output
 .any.text.udp_new
                0x00008d84       0x1a build/z1/contiki-ng-z1.a(tcpip.o)
                0x00008d84                udp_new
 .any.text.tcpip_input
                0x00008d9e       0x1e build/z1/contiki-ng-z1.a(tcpip.o)
                0x00008d9e                tcpip_input
 .any.text.tcpip_ipv6_output
                0x00008dbc      0x248 build/z1/contiki-ng-z1.a(tcpip.o)
                0x00008dbc                tcpip_ipv6_output
 .any.text.packet_input.part.2
                0x00009004       0x12 build/z1/contiki-ng-z1.a(tcpip.o)
 .any.text.process_thread_tcpip_process
                0x00009016       0xc6 build/z1/contiki-ng-z1.a(tcpip.o)
 .any.text.tcpip_uipcall
                0x000090dc       0x2a build/z1/contiki-ng-z1.a(tcpip.o)
                0x000090dc                tcpip_uipcall
 .any.text.uip_ds6_route_init
                0x00009106       0x12 build/z1/contiki-ng-z1.a(uip-ds6-route.o)
                0x00009106                uip_ds6_route_init
 .any.text.uip_ds6_route_nexthop
                0x00009118        0x4 build/z1/contiki-ng-z1.a(uip-ds6-route.o)
                0x00009118                uip_ds6_route_nexthop
 .any.text.uip_ds6_route_lookup
                0x0000911c        0x4 build/z1/contiki-ng-z1.a(uip-ds6-route.o)
                0x0000911c                uip_ds6_route_lookup
 .any.text.uip_ds6_route_rm
                0x00009120        0x2 build/z1/contiki-ng-z1.a(uip-ds6-route.o)
                0x00009120                uip_ds6_route_rm
 .any.text.uip_ds6_defrt_rm
                0x00009122       0x38 build/z1/contiki-ng-z1.a(uip-ds6-route.o)
                0x00009122                uip_ds6_defrt_rm
 .any.text.uip_ds6_defrt_lookup
                0x0000915a       0x3c build/z1/contiki-ng-z1.a(uip-ds6-route.o)
                0x0000915a                uip_ds6_defrt_lookup
 .any.text.uip_ds6_defrt_add
                0x00009196       0xa6 build/z1/contiki-ng-z1.a(uip-ds6-route.o)
                0x00009196                uip_ds6_defrt_add
 .any.text.uip_ds6_defrt_choose
                0x0000923c       0x36 build/z1/contiki-ng-z1.a(uip-ds6-route.o)
                0x0000923c                uip_ds6_defrt_choose
 .any.text.uip_ds6_defrt_periodic
                0x00009272       0x38 build/z1/contiki-ng-z1.a(uip-ds6-route.o)
                0x00009272                uip_ds6_defrt_periodic
 .any.text.chksum
                0x000092aa       0x32 build/z1/contiki-ng-z1.a(uip6.o)
 .any.text.upper_layer_chksum
                0x000092dc       0x54 build/z1/contiki-ng-z1.a(uip6.o)
 .any.text.ext_hdr_options_process
                0x00009330       0xda build/z1/contiki-ng-z1.a(uip6.o)
 .any.text.uip_check_mtu
                0x0000940a       0x1e build/z1/contiki-ng-z1.a(uip6.o)
 .any.text.uip_update_ttl
                0x00009428       0x24 build/z1/contiki-ng-z1.a(uip6.o)
 .any.text.uip_icmp6chksum
                0x0000944c        0xa build/z1/contiki-ng-z1.a(uip6.o)
                0x0000944c                uip_icmp6chksum
 .any.text.uip_udpchksum
                0x00009456        0xa build/z1/contiki-ng-z1.a(uip6.o)
                0x00009456                uip_udpchksum
 .any.text.uip_init
                0x00009460       0x24 build/z1/contiki-ng-z1.a(uip6.o)
                0x00009460                uip_init
 .any.text.uip_remove_ext_hdr
                0x00009484       0x80 build/z1/contiki-ng-z1.a(uip6.o)
                0x00009484                uip_remove_ext_hdr
 .any.text.uip_udp_new
                0x00009504       0x84 build/z1/contiki-ng-z1.a(uip6.o)
                0x00009504                uip_udp_new
 .any.text.uip_process
                0x00009588      0x726 build/z1/contiki-ng-z1.a(uip6.o)
                0x00009588                uip_process
 .any.text.uip_htonl
                0x00009cae       0x2a build/z1/contiki-ng-z1.a(uip6.o)
                0x00009cae                uip_htonl
 .any.text.uip_ds6_nbr_rm
                0x00009cd8       0x1e build/z1/contiki-ng-z1.a(uip-ds6-nbr.o)
                0x00009cd8                uip_ds6_nbr_rm
 .any.text.uip_ds6_neighbors_init
                0x00009cf6       0x12 build/z1/contiki-ng-z1.a(uip-ds6-nbr.o)
                0x00009cf6                uip_ds6_neighbors_init
 .any.text.uip_ds6_nbr_add
                0x00009d08       0x36 build/z1/contiki-ng-z1.a(uip-ds6-nbr.o)
                0x00009d08                uip_ds6_nbr_add
 .any.text.uip_ds6_nbr_get_ipaddr
                0x00009d3e        0x2 build/z1/contiki-ng-z1.a(uip-ds6-nbr.o)
                0x00009d3e                uip_ds6_nbr_get_ipaddr
 .any.text.uip_ds6_nbr_get_ll
                0x00009d40        0xc build/z1/contiki-ng-z1.a(uip-ds6-nbr.o)
                0x00009d40                uip_ds6_nbr_get_ll
 .any.text.uip_ds6_nbr_head
                0x00009d4c        0xa build/z1/contiki-ng-z1.a(uip-ds6-nbr.o)
                0x00009d4c                uip_ds6_nbr_head
 .any.text.uip_ds6_nbr_next
                0x00009d56        0xc build/z1/contiki-ng-z1.a(uip-ds6-nbr.o)
                0x00009d56                uip_ds6_nbr_next
 .any.text.uip_ds6_nbr_lookup
                0x00009d62       0x36 build/z1/contiki-ng-z1.a(uip-ds6-nbr.o)
                0x00009d62                uip_ds6_nbr_lookup
 .any.text.uip_ds6_nbr_ll_lookup
                0x00009d98        0xc build/z1/contiki-ng-z1.a(uip-ds6-nbr.o)
                0x00009d98                uip_ds6_nbr_ll_lookup
 .any.text.uip_ds6_nbr_update_ll
                0x00009da4      0x124 build/z1/contiki-ng-z1.a(uip-ds6-nbr.o)
                0x00009da4                uip_ds6_nbr_update_ll
 .any.text.uip_ds6_nbr_ipaddr_from_lladdr
                0x00009ec8        0x6 build/z1/contiki-ng-z1.a(uip-ds6-nbr.o)
                0x00009ec8                uip_ds6_nbr_ipaddr_from_lladdr
 .any.text.uip_ds6_nbr_lladdr_from_ipaddr
                0x00009ece       0x12 build/z1/contiki-ng-z1.a(uip-ds6-nbr.o)
                0x00009ece                uip_ds6_nbr_lladdr_from_ipaddr
 .any.text.uip_ds6_link_callback
                0x00009ee0        0x2 build/z1/contiki-ng-z1.a(uip-ds6-nbr.o)
                0x00009ee0                uip_ds6_link_callback
 .any.text.ns_input
                0x00009ee2      0x2be build/z1/contiki-ng-z1.a(uip-nd6.o)
 .any.text.uip_nd6_init
                0x0000a1a0        0xa build/z1/contiki-ng-z1.a(uip-nd6.o)
                0x0000a1a0                uip_nd6_init
 .any.text.process_thread_simple_udp_process
                0x0000a1aa       0xa8 build/z1/contiki-ng-z1.a(simple-udp.o)
 .any.text.simple_udp_register
                0x0000a252       0x88 build/z1/contiki-ng-z1.a(simple-udp.o)
                0x0000a252                simple_udp_register
 .any.text.addr_context_lookup_by_number
                0x0000a2da       0x16 build/z1/contiki-ng-z1.a(sicslowpan.o)
 .any.text.sicslowpan_init
                0x0000a2f0       0x18 build/z1/contiki-ng-z1.a(sicslowpan.o)
                0x0000a2f0                sicslowpan_init
 .any.text.set_packet_attrs
                0x0000a308       0x66 build/z1/contiki-ng-z1.a(sicslowpan.o)
 .any.text.compress_addr_64
                0x0000a36e       0x9a build/z1/contiki-ng-z1.a(sicslowpan.o)
 .any.text.addr_context_lookup_by_prefix
                0x0000a408       0x20 build/z1/contiki-ng-z1.a(sicslowpan.o)
 .any.text.output
                0x0000a428      0x822 build/z1/contiki-ng-z1.a(sicslowpan.o)
 .any.text.packet_sent
                0x0000ac4a       0x4e build/z1/contiki-ng-z1.a(sicslowpan.o)
 .any.text.uncompress_addr
                0x0000ac98       0x96 build/z1/contiki-ng-z1.a(sicslowpan.o)
 .any.text.input
                0x0000ad2e      0x6a0 build/z1/contiki-ng-z1.a(sicslowpan.o)
 .any.text.remove_neighbor
                0x0000b3ce       0x24 build/z1/contiki-ng-z1.a(rpl-neighbor.o)
 .any.text.rpl_neighbor_count
                0x0000b3f2       0x2c build/z1/contiki-ng-z1.a(rpl-neighbor.o)
                0x0000b3f2                rpl_neighbor_count
 .any.text.rpl_neighbor_get_from_lladdr
                0x0000b41e        0xc build/z1/contiki-ng-z1.a(rpl-neighbor.o)
                0x0000b41e                rpl_neighbor_get_from_lladdr
 .any.text.rpl_neighbor_is_acceptable_parent
                0x0000b42a       0x18 build/z1/contiki-ng-z1.a(rpl-neighbor.o)
                0x0000b42a                rpl_neighbor_is_acceptable_parent
 .any.text.rpl_neighbor_get_link_metric
                0x0000b442       0x18 build/z1/contiki-ng-z1.a(rpl-neighbor.o)
                0x0000b442                rpl_neighbor_get_link_metric
 .any.text.rpl_neighbor_rank_via_nbr
                0x0000b45a       0x18 build/z1/contiki-ng-z1.a(rpl-neighbor.o)
                0x0000b45a                rpl_neighbor_rank_via_nbr
 .any.text.rpl_neighbor_get_lladdr
                0x0000b472        0xc build/z1/contiki-ng-z1.a(rpl-neighbor.o)
                0x0000b472                rpl_neighbor_get_lladdr
 .any.text.rpl_neighbor_get_ipaddr
                0x0000b47e        0xa build/z1/contiki-ng-z1.a(rpl-neighbor.o)
                0x0000b47e                rpl_neighbor_get_ipaddr
 .any.text.rpl_neighbor_get_link_stats
                0x0000b488        0xa build/z1/contiki-ng-z1.a(rpl-neighbor.o)
                0x0000b488                rpl_neighbor_get_link_stats
 .any.text.rpl_neighbor_is_fresh
                0x0000b492        0xa build/z1/contiki-ng-z1.a(rpl-neighbor.o)
                0x0000b492                rpl_neighbor_is_fresh
 .any.text.best_parent
                0x0000b49c       0x9c build/z1/contiki-ng-z1.a(rpl-neighbor.o)
 .any.text.rpl_neighbor_snprint
                0x0000b538      0x1f0 build/z1/contiki-ng-z1.a(rpl-neighbor.o)
                0x0000b538                rpl_neighbor_snprint
 .any.text.rpl_neighbor_is_parent
                0x0000b728       0x18 build/z1/contiki-ng-z1.a(rpl-neighbor.o)
                0x0000b728                rpl_neighbor_is_parent
 .any.text.rpl_neighbor_set_preferred_parent
                0x0000b740       0x52 build/z1/contiki-ng-z1.a(rpl-neighbor.o)
                0x0000b740                rpl_neighbor_set_preferred_parent
 .any.text.rpl_neighbor_remove_all
                0x0000b792       0x30 build/z1/contiki-ng-z1.a(rpl-neighbor.o)
                0x0000b792                rpl_neighbor_remove_all
 .any.text.rpl_neighbor_get_from_ipaddr
                0x0000b7c2       0x14 build/z1/contiki-ng-z1.a(rpl-neighbor.o)
                0x0000b7c2                rpl_neighbor_get_from_ipaddr
 .any.text.rpl_neighbor_select_best
                0x0000b7d6       0x54 build/z1/contiki-ng-z1.a(rpl-neighbor.o)
                0x0000b7d6                rpl_neighbor_select_best
 .any.text.rpl_neighbor_init
                0x0000b82a        0xe build/z1/contiki-ng-z1.a(rpl-neighbor.o)
                0x0000b82a                rpl_neighbor_init
 .any.text.init_dag
                0x0000b838       0xc8 build/z1/contiki-ng-z1.a(rpl-dag.o)
 .any.text.process_dio_init_dag
                0x0000b900      0x128 build/z1/contiki-ng-z1.a(rpl-dag.o)
 .any.text.rpl_dag_get_root_ipaddr
                0x0000ba28       0x1e build/z1/contiki-ng-z1.a(rpl-dag.o)
                0x0000ba28                rpl_dag_get_root_ipaddr
 .any.text.rpl_dag_leave
                0x0000ba46       0x4a build/z1/contiki-ng-z1.a(rpl-dag.o)
                0x0000ba46                rpl_dag_leave
 .any.text.rpl_dag_poison_and_leave
                0x0000ba90        0xc build/z1/contiki-ng-z1.a(rpl-dag.o)
                0x0000ba90                rpl_dag_poison_and_leave
 .any.text.rpl_dag_periodic
                0x0000ba9c       0xb6 build/z1/contiki-ng-z1.a(rpl-dag.o)
                0x0000ba9c                rpl_dag_periodic
 .any.text.rpl_is_addr_in_our_dag
                0x0000bb52       0x26 build/z1/contiki-ng-z1.a(rpl-dag.o)
                0x0000bb52                rpl_is_addr_in_our_dag
 .any.text.rpl_refresh_routes
                0x0000bb78       0x54 build/z1/contiki-ng-z1.a(rpl-dag.o)
                0x0000bb78                rpl_refresh_routes
 .any.text.rpl_local_repair
                0x0000bbcc       0x56 build/z1/contiki-ng-z1.a(rpl-dag.o)
                0x0000bbcc                rpl_local_repair
 .any.text.rpl_global_repair
                0x0000bc22       0x64 build/z1/contiki-ng-z1.a(rpl-dag.o)
                0x0000bc22                rpl_global_repair
 .any.text.rpl_dag_ready_to_advertise
                0x0000bc86       0x22 build/z1/contiki-ng-z1.a(rpl-dag.o)
                0x0000bc86                rpl_dag_ready_to_advertise
 .any.text.rpl_dag_update_state
                0x0000bca8      0x1f0 build/z1/contiki-ng-z1.a(rpl-dag.o)
                0x0000bca8                rpl_dag_update_state
 .any.text.rpl_process_dio
                0x0000be98      0x310 build/z1/contiki-ng-z1.a(rpl-dag.o)
                0x0000be98                rpl_process_dio
 .any.text.rpl_process_dis
                0x0000c1a8       0x2a build/z1/contiki-ng-z1.a(rpl-dag.o)
                0x0000c1a8                rpl_process_dis
 .any.text.rpl_process_dao
                0x0000c1d2       0x8a build/z1/contiki-ng-z1.a(rpl-dag.o)
                0x0000c1d2                rpl_process_dao
 .any.text.rpl_process_dao_ack
                0x0000c25c       0x80 build/z1/contiki-ng-z1.a(rpl-dag.o)
                0x0000c25c                rpl_process_dao_ack
 .any.text.rpl_process_hbh
                0x0000c2dc       0x26 build/z1/contiki-ng-z1.a(rpl-dag.o)
                0x0000c2dc                rpl_process_hbh
 .any.text.rpl_dag_init_root
                0x0000c302       0xac build/z1/contiki-ng-z1.a(rpl-dag.o)
                0x0000c302                rpl_dag_init_root
 .any.text.rpl_dag_init
                0x0000c3ae       0x10 build/z1/contiki-ng-z1.a(rpl-dag.o)
                0x0000c3ae                rpl_dag_init
 .any.text.handle_state_update
                0x0000c3be        0x6 build/z1/contiki-ng-z1.a(rpl-timers.o)
 .any.text.handle_leaving_timer
                0x0000c3c4        0xc build/z1/contiki-ng-z1.a(rpl-timers.o)
 .any.text.schedule_dao_retransmission
                0x0000c3d0       0x30 build/z1/contiki-ng-z1.a(rpl-timers.o)
 .any.text.handle_unicast_dio_timer
                0x0000c400       0x12 build/z1/contiki-ng-z1.a(rpl-timers.o)
 .any.text.send_new_dao
                0x0000c412       0x28 build/z1/contiki-ng-z1.a(rpl-timers.o)
 .any.text.resend_dao
                0x0000c43a       0x24 build/z1/contiki-ng-z1.a(rpl-timers.o)
 .any.text.handle_dao_ack_timer
                0x0000c45e       0x12 build/z1/contiki-ng-z1.a(rpl-timers.o)
 .any.text.new_dio_interval
                0x0000c470       0xae build/z1/contiki-ng-z1.a(rpl-timers.o)
 .any.text.handle_dio_timer
                0x0000c51e       0x6e build/z1/contiki-ng-z1.a(rpl-timers.o)
 .any.text.rpl_timers_schedule_periodic_dis
                0x0000c58c       0x3c build/z1/contiki-ng-z1.a(rpl-timers.o)
                0x0000c58c                rpl_timers_schedule_periodic_dis
 .any.text.handle_periodic_timer
                0x0000c5c8       0x3a build/z1/contiki-ng-z1.a(rpl-timers.o)
 .any.text.handle_dis_timer
                0x0000c602       0x26 build/z1/contiki-ng-z1.a(rpl-timers.o)
 .any.text.rpl_timers_dio_reset
                0x0000c628       0x2e build/z1/contiki-ng-z1.a(rpl-timers.o)
                0x0000c628                rpl_timers_dio_reset
 .any.text.rpl_timers_schedule_unicast_dio
                0x0000c656       0x20 build/z1/contiki-ng-z1.a(rpl-timers.o)
                0x0000c656                rpl_timers_schedule_unicast_dio
 .any.text.rpl_timers_schedule_dao
                0x0000c676       0x38 build/z1/contiki-ng-z1.a(rpl-timers.o)
                0x0000c676                rpl_timers_schedule_dao
 .any.text.rpl_timers_schedule_dao_ack
                0x0000c6ae       0x34 build/z1/contiki-ng-z1.a(rpl-timers.o)
                0x0000c6ae                rpl_timers_schedule_dao_ack
 .any.text.rpl_timers_notify_dao_ack
                0x0000c6e2       0x7e build/z1/contiki-ng-z1.a(rpl-timers.o)
                0x0000c6e2                rpl_timers_notify_dao_ack
 .any.text.get_probing_delay
                0x0000c760       0x1c build/z1/contiki-ng-z1.a(rpl-timers.o)
                0x0000c760                get_probing_delay
 .any.text.get_probing_target
                0x0000c77c       0xda build/z1/contiki-ng-z1.a(rpl-timers.o)
                0x0000c77c                get_probing_target
 .any.text.rpl_schedule_probing
                0x0000c856       0x20 build/z1/contiki-ng-z1.a(rpl-timers.o)
                0x0000c856                rpl_schedule_probing
 .any.text.handle_probing_timer
                0x0000c876       0x26 build/z1/contiki-ng-z1.a(rpl-timers.o)
 .any.text.rpl_schedule_probing_now
                0x0000c89c       0x24 build/z1/contiki-ng-z1.a(rpl-timers.o)
                0x0000c89c                rpl_schedule_probing_now
 .any.text.rpl_timers_unschedule_leaving
                0x0000c8c0       0x1c build/z1/contiki-ng-z1.a(rpl-timers.o)
                0x0000c8c0                rpl_timers_unschedule_leaving
 .any.text.rpl_timers_schedule_leaving
                0x0000c8dc       0x2a build/z1/contiki-ng-z1.a(rpl-timers.o)
                0x0000c8dc                rpl_timers_schedule_leaving
 .any.text.rpl_timers_init
                0x0000c906       0x1c build/z1/contiki-ng-z1.a(rpl-timers.o)
                0x0000c906                rpl_timers_init
 .any.text.rpl_timers_stop_dag_timers
                0x0000c922       0x4c build/z1/contiki-ng-z1.a(rpl-timers.o)
                0x0000c922                rpl_timers_stop_dag_timers
 .any.text.rpl_timers_unschedule_state_update
                0x0000c96e       0x10 build/z1/contiki-ng-z1.a(rpl-timers.o)
                0x0000c96e                rpl_timers_unschedule_state_update
 .any.text.rpl_timers_schedule_state_update
                0x0000c97e       0x1c build/z1/contiki-ng-z1.a(rpl-timers.o)
                0x0000c97e                rpl_timers_schedule_state_update
 .any.text.rpl_has_joined
                0x0000c99a       0x12 build/z1/contiki-ng-z1.a(rpl.o)
                0x0000c99a                rpl_has_joined
 .any.text.rpl_is_reachable
                0x0000c9ac       0x12 build/z1/contiki-ng-z1.a(rpl.o)
                0x0000c9ac                rpl_is_reachable
 .any.text.neighbor_state_changed
                0x0000c9be        0x2 build/z1/contiki-ng-z1.a(rpl.o)
 .any.text.drop_route
                0x0000c9c0        0x2 build/z1/contiki-ng-z1.a(rpl.o)
 .any.text.rpl_get_leaf_only
                0x0000c9c2        0x6 build/z1/contiki-ng-z1.a(rpl.o)
                0x0000c9c2                rpl_get_leaf_only
 .any.text.get_sr_node_ipaddr
                0x0000c9c8       0x30 build/z1/contiki-ng-z1.a(rpl.o)
 .any.text.init
                0x0000c9f8       0x42 build/z1/contiki-ng-z1.a(rpl.o)
 .any.text.set_ip_from_prefix
                0x0000ca3a       0x30 build/z1/contiki-ng-z1.a(rpl.o)
 .any.text.rpl_link_callback
                0x0000ca6a       0x1e build/z1/contiki-ng-z1.a(rpl.o)
                0x0000ca6a                rpl_link_callback
 .any.text.rpl_lollipop_greater_than
                0x0000ca88       0x3c build/z1/contiki-ng-z1.a(rpl.o)
                0x0000ca88                rpl_lollipop_greater_than
 .any.text.rpl_get_global_address
                0x0000cac4       0x8c build/z1/contiki-ng-z1.a(rpl.o)
                0x0000cac4                rpl_get_global_address
 .any.text.rpl_reset_prefix
                0x0000cb50       0x24 build/z1/contiki-ng-z1.a(rpl.o)
                0x0000cb50                rpl_reset_prefix
 .any.text.rpl_set_prefix_from_addr
                0x0000cb74       0xa4 build/z1/contiki-ng-z1.a(rpl.o)
                0x0000cb74                rpl_set_prefix_from_addr
 .any.text.reset
                0x0000cc18        0x2 build/z1/contiki-ng-z1.a(rpl-mrhof.o)
 .any.text.update_metric_container
                0x0000cc1a        0x6 build/z1/contiki-ng-z1.a(rpl-mrhof.o)
 .any.text.nbr_link_metric
                0x0000cc20       0x12 build/z1/contiki-ng-z1.a(rpl-mrhof.o)
 .any.text.nbr_has_usable_link
                0x0000cc32       0x14 build/z1/contiki-ng-z1.a(rpl-mrhof.o)
 .any.text.nbr_is_acceptable_parent
                0x0000cc46       0x28 build/z1/contiki-ng-z1.a(rpl-mrhof.o)
 .any.text.int_master_status_set
                0x0000cc6e        0x4 build/z1/contiki-ng-z1.a(int-master.o)
                0x0000cc6e                int_master_status_set

.rodata         0x0000cc74     0x3145
                0x0000cc74                . = ALIGN (0x2)
 *(.rodata .rodata.* .gnu.linkonce.r.*)
 .rodata.process_thread_obs_process
                0x0000cc74       0x4f observer.o
 .rodata.udp_rx_callback
                0x0000ccc3       0xe6 observer.o
 *fill*         0x0000cda9        0x1 00
 .rodata.autostart_processes
                0x0000cdaa        0x4 observer.o
                0x0000cdaa                autostart_processes
 .rodata        0x0000cdae       0x11 observer.o
 .rodata        0x0000cdbf      0x108 build/z1/obj/contiki-main.o
 *fill*         0x0000cec7        0x1 00
 .rodata.get_value
                0x0000cec8       0x64 build/z1/contiki-ng-z1.a(cc2420.o)
 .rodata.set_value
                0x0000cf2c       0x20 build/z1/contiki-ng-z1.a(cc2420.o)
 .rodata.cc2420_driver
                0x0000cf4c       0x38 build/z1/contiki-ng-z1.a(cc2420.o)
                0x0000cf4c                cc2420_driver
 .rodata        0x0000cf84        0xe build/z1/contiki-ng-z1.a(cc2420.o)
 .rodata.output_power
                0x0000cf92       0x10 build/z1/contiki-ng-z1.a(cc2420.o)
 .rodata        0x0000cfa2       0x25 build/z1/contiki-ng-z1.a(adxl345.o)
 *fill*         0x0000cfc7        0x1 00
 .rodata.adxl345
                0x0000cfc8        0xe build/z1/contiki-ng-z1.a(adxl345.o)
                0x0000cfc8                adxl345
 .rodata.platform_init_stage_two
                0x0000cfd6       0x3f build/z1/contiki-ng-z1.a(platform.o)
 .rodata.platform_init_stage_three
                0x0000d015       0x19 build/z1/contiki-ng-z1.a(platform.o)
 .rodata.serial_shell_output
                0x0000d02e        0x3 build/z1/contiki-ng-z1.a(serial-shell.o)
 .rodata        0x0000d031       0x15 build/z1/contiki-ng-z1.a(serial-shell.o)
 .rodata.print_local_addresses
                0x0000d046       0x31 build/z1/contiki-ng-z1.a(rpl-border-rout)
 .rodata        0x0000d077        0xf build/z1/contiki-ng-z1.a(ctimer.o)
 .rodata        0x0000d086        0xc build/z1/contiki-ng-z1.a(etimer.o)
 .rodata.log_6addr
                0x0000d092        0x3 build/z1/contiki-ng-z1.a(log.o)
 .rodata.log_lladdr
                0x0000d095       0x14 build/z1/contiki-ng-z1.a(log.o)
 .rodata.log_set_level
                0x0000d0a9        0x4 build/z1/contiki-ng-z1.a(log.o)
 .rodata.log_level_to_str
                0x0000d0ad        0x4 build/z1/contiki-ng-z1.a(log.o)
 .rodata        0x0000d0b1       0x64 build/z1/contiki-ng-z1.a(log.o)
 *fill*         0x0000d115        0x1 00
 .rodata.CSWTCH.11
                0x0000d116        0xa build/z1/contiki-ng-z1.a(log.o)
 .rodata.process_thread_stack_check_process
                0x0000d120       0x5e build/z1/contiki-ng-z1.a(stack-check.o)
 .rodata        0x0000d17e        0xc build/z1/contiki-ng-z1.a(stack-check.o)
 .rodata.linkaddr_null
                0x0000d18a        0x8 build/z1/contiki-ng-z1.a(linkaddr.o)
                0x0000d18a                linkaddr_null
 .rodata.send_packet
                0x0000d192       0xe2 build/z1/contiki-ng-z1.a(tsch.o)
 .rodata.tsch_init
                0x0000d274      0x1de build/z1/contiki-ng-z1.a(tsch.o)
 .rodata.process_thread_tsch_send_eb_process
                0x0000d452       0x1e build/z1/contiki-ng-z1.a(tsch.o)
 .rodata.max_payload
                0x0000d470       0x63 build/z1/contiki-ng-z1.a(tsch.o)
 .rodata.packet_input
                0x0000d4d3       0x35 build/z1/contiki-ng-z1.a(tsch.o)
 .rodata.keepalive_send
                0x0000d508       0x1c build/z1/contiki-ng-z1.a(tsch.o)
 .rodata.process_thread_tsch_pending_events_process
                0x0000d524       0xad build/z1/contiki-ng-z1.a(tsch.o)
 .rodata.keepalive_packet_sent
                0x0000d5d1       0x55 build/z1/contiki-ng-z1.a(tsch.o)
 .rodata.tsch_scan
                0x0000d626       0xe2 build/z1/contiki-ng-z1.a(tsch.o)
 .rodata        0x0000d708       0x38 build/z1/contiki-ng-z1.a(tsch.o)
 .rodata.process_thread_tsch_process
                0x0000d740       0x36 build/z1/contiki-ng-z1.a(tsch.o)
 .rodata.tschmac_driver
                0x0000d776       0x1a build/z1/contiki-ng-z1.a(tsch.o)
                0x0000d776                tschmac_driver
 .rodata.tsch_eb_address
                0x0000d790        0x8 build/z1/contiki-ng-z1.a(tsch.o)
                0x0000d790                tsch_eb_address
 .rodata.tsch_broadcast_address
                0x0000d798        0x8 build/z1/contiki-ng-z1.a(tsch.o)
                0x0000d798                tsch_broadcast_address
 .rodata.tsch_schedule_remove_link
                0x0000d7a0       0x4a build/z1/contiki-ng-z1.a(tsch-schedule.o)
 .rodata.tsch_schedule_add_link
                0x0000d7ea       0x67 build/z1/contiki-ng-z1.a(tsch-schedule.o)
 .rodata.tsch_rpl_callback_leaving_network
                0x0000d851        0xd build/z1/contiki-ng-z1.a(tsch-rpl.o)
 .rodata.tsch_packet_parse_eb
                0x0000d85e       0x5e build/z1/contiki-ng-z1.a(tsch-packet.o)
 .rodata.uiplib_ipaddr_snprint
                0x0000d8bc       0x2a build/z1/contiki-ng-z1.a(uiplib.o)
 .rodata.tcpip_ipv6_output
                0x0000d8e6      0x11e build/z1/contiki-ng-z1.a(tcpip.o)
 .rodata        0x0000da04        0xd build/z1/contiki-ng-z1.a(tcpip.o)
 .rodata.uip_ds6_defrt_add
                0x0000da11       0x5b build/z1/contiki-ng-z1.a(uip-ds6-route.o)
 .rodata.ext_hdr_options_process
                0x0000da6c       0x6c build/z1/contiki-ng-z1.a(uip6.o)
 .rodata.uip_remove_ext_hdr
                0x0000dad8       0x26 build/z1/contiki-ng-z1.a(uip6.o)
 .rodata.uip_process
                0x0000dafe      0x207 build/z1/contiki-ng-z1.a(uip6.o)
 .rodata.uip_ds6_nbr_update_ll
                0x0000dd05       0xb5 build/z1/contiki-ng-z1.a(uip-ds6-nbr.o)
 .rodata.__func__.3367
                0x0000ddba       0x16 build/z1/contiki-ng-z1.a(uip-ds6-nbr.o)
 .rodata.ns_input
                0x0000ddd0       0x52 build/z1/contiki-ng-z1.a(uip-nd6.o)
 .rodata        0x0000de22       0x13 build/z1/contiki-ng-z1.a(simple-udp.o)
 .rodata.output
                0x0000de35      0x135 build/z1/contiki-ng-z1.a(sicslowpan.o)
 .rodata.input  0x0000df6a      0x126 build/z1/contiki-ng-z1.a(sicslowpan.o)
 .rodata        0x0000e090        0xb build/z1/contiki-ng-z1.a(sicslowpan.o)
 *fill*         0x0000e09b        0x1 00
 .rodata.sicslowpan_driver
                0x0000e09c        0xe build/z1/contiki-ng-z1.a(sicslowpan.o)
                0x0000e09c                sicslowpan_driver
 .rodata.llprefix
                0x0000e0aa        0x2 build/z1/contiki-ng-z1.a(sicslowpan.o)
                0x0000e0aa                llprefix
 .rodata.unc_mxconf
                0x0000e0ac        0x4 build/z1/contiki-ng-z1.a(sicslowpan.o)
                0x0000e0ac                unc_mxconf
 .rodata.unc_ctxconf
                0x0000e0b0        0x4 build/z1/contiki-ng-z1.a(sicslowpan.o)
                0x0000e0b0                unc_ctxconf
 .rodata.unc_llconf
                0x0000e0b4        0x4 build/z1/contiki-ng-z1.a(sicslowpan.o)
                0x0000e0b4                unc_llconf
 .rodata.ttl_values
                0x0000e0b8        0x4 build/z1/contiki-ng-z1.a(sicslowpan.o)
 .rodata.rpl_neighbor_snprint
                0x0000e0bc       0x58 build/z1/contiki-ng-z1.a(rpl-neighbor.o)
 .rodata.init_dag
                0x0000e114       0x55 build/z1/contiki-ng-z1.a(rpl-dag.o)
 .rodata.process_dio_init_dag
                0x0000e169       0x83 build/z1/contiki-ng-z1.a(rpl-dag.o)
 .rodata.rpl_dag_periodic
                0x0000e1ec       0x58 build/z1/contiki-ng-z1.a(rpl-dag.o)
 .rodata.rpl_refresh_routes
                0x0000e244       0x23 build/z1/contiki-ng-z1.a(rpl-dag.o)
 .rodata.rpl_local_repair
                0x0000e267       0x20 build/z1/contiki-ng-z1.a(rpl-dag.o)
 .rodata.rpl_global_repair
                0x0000e287       0x42 build/z1/contiki-ng-z1.a(rpl-dag.o)
 .rodata.rpl_dag_update_state
                0x0000e2c9       0xda build/z1/contiki-ng-z1.a(rpl-dag.o)
 .rodata.rpl_process_dio
                0x0000e3a3      0x19a build/z1/contiki-ng-z1.a(rpl-dag.o)
 .rodata.rpl_process_dis
                0x0000e53d        0xe build/z1/contiki-ng-z1.a(rpl-dag.o)
 .rodata.rpl_process_dao
                0x0000e54b       0x23 build/z1/contiki-ng-z1.a(rpl-dag.o)
 .rodata.rpl_process_dao_ack
                0x0000e56e       0x48 build/z1/contiki-ng-z1.a(rpl-dag.o)
 .rodata.rpl_dag_init_root
                0x0000e5b6        0xa build/z1/contiki-ng-z1.a(rpl-dag.o)
 .rodata.resend_dao
                0x0000e5c0        0xc build/z1/contiki-ng-z1.a(rpl-timers.o)
 .rodata.rpl_set_prefix_from_addr
                0x0000e5cc       0x46 build/z1/contiki-ng-z1.a(rpl.o)
 .rodata        0x0000e612        0x9 build/z1/contiki-ng-z1.a(rpl.o)
 *fill*         0x0000e61b        0x1 00
 .rodata.rpl_lite_driver
                0x0000e61c       0x52 build/z1/contiki-ng-z1.a(rpl.o)
                0x0000e61c                rpl_lite_driver
 .rodata.dao_ack_input
                0x0000e66e       0x40 build/z1/contiki-ng-z1.a(rpl-icmp6.o)
 .rodata.dao_input
                0x0000e6ae       0x54 build/z1/contiki-ng-z1.a(rpl-icmp6.o)
 .rodata.dio_input
                0x0000e702      0x1aa build/z1/contiki-ng-z1.a(rpl-icmp6.o)
 .rodata.dis_input
                0x0000e8ac       0x2b build/z1/contiki-ng-z1.a(rpl-icmp6.o)
 .rodata.rpl_icmp6_update_nbr_table
                0x0000e8d7       0x24 build/z1/contiki-ng-z1.a(rpl-icmp6.o)
 .rodata.rpl_icmp6_dio_output
                0x0000e8fb       0x3a build/z1/contiki-ng-z1.a(rpl-icmp6.o)
 .rodata.rpl_icmp6_dao_output
                0x0000e935       0xcf build/z1/contiki-ng-z1.a(rpl-icmp6.o)
 .rodata.rpl_dag_root_start
                0x0000ea04       0x36 build/z1/contiki-ng-z1.a(rpl-dag-root.o)
 .rodata.slip_input_callback
                0x0000ea3a       0x11 build/z1/contiki-ng-z1.a(slip-bridge.o)
 *fill*         0x0000ea4b        0x1 00
 .rodata.rpl_interface
                0x0000ea4c        0x8 build/z1/contiki-ng-z1.a(slip-bridge.o)
                0x0000ea4c                rpl_interface
 .rodata.process_thread_border_router_process
                0x0000ea54       0x6a build/z1/contiki-ng-z1.a(border-router-e)
 .rodata        0x0000eabe       0x16 build/z1/contiki-ng-z1.a(border-router-e)
 .rodata        0x0000ead4        0x8 build/z1/contiki-ng-z1.a(sensors.o)
 .rodata        0x0000eadc        0x7 build/z1/contiki-ng-z1.a(button-sensor.o)
 *fill*         0x0000eae3        0x1 00
 .rodata.button_sensor
                0x0000eae4        0xe build/z1/contiki-ng-z1.a(button-sensor.o)
                0x0000eae4                button_sensor
 .rodata        0x0000eaf2        0xc build/z1/contiki-ng-z1.a(slip.o)
 .rodata        0x0000eafe        0xe build/z1/contiki-ng-z1.a(tmp102.o)
 .rodata.tmp102
                0x0000eb0c        0xe build/z1/contiki-ng-z1.a(tmp102.o)
                0x0000eb0c                tmp102
 .rodata.shell_output_6addr
                0x0000eb1a        0x3 build/z1/contiki-ng-z1.a(shell.o)
 .rodata.shell_output_lladdr
                0x0000eb1d       0x16 build/z1/contiki-ng-z1.a(shell.o)
 .rodata.shell_input
                0x0000eb33       0x3c build/z1/contiki-ng-z1.a(shell.o)
 .rodata.cmd_rpl_global_repair
                0x0000eb6f       0x28 build/z1/contiki-ng-z1.a(shell-commands.)
 .rodata.cmd_rpl_local_repair
                0x0000eb97       0x21 build/z1/contiki-ng-z1.a(shell-commands.)
 .rodata.cmd_macaddr
                0x0000ebb8       0x15 build/z1/contiki-ng-z1.a(shell-commands.)
 .rodata.cmd_tsch_status
                0x0000ebcd       0xfd build/z1/contiki-ng-z1.a(shell-commands.)
 .rodata.cmd_help
                0x0000ecca       0x19 build/z1/contiki-ng-z1.a(shell-commands.)
 .rodata.cmd_tsch_schedule
                0x0000ece3       0x9c build/z1/contiki-ng-z1.a(shell-commands.)
 .rodata.cmd_tsch_set_coordinator
                0x0000ed7f       0x9c build/z1/contiki-ng-z1.a(shell-commands.)
 .rodata.cmd_rpl_nbr
                0x0000ee1b       0x25 build/z1/contiki-ng-z1.a(shell-commands.)
 .rodata.cmd_ipaddr
                0x0000ee40       0x1a build/z1/contiki-ng-z1.a(shell-commands.)
 .rodata.cmd_rpl_status
                0x0000ee5a      0x1ad build/z1/contiki-ng-z1.a(shell-commands.)
 .rodata.cmd_rpl_refresh_routes
                0x0000f007       0x1b build/z1/contiki-ng-z1.a(shell-commands.)
 .rodata.cmd_rpl_set_root
                0x0000f022       0xab build/z1/contiki-ng-z1.a(shell-commands.)
 .rodata.cmd_routes
                0x0000f0cd       0x81 build/z1/contiki-ng-z1.a(shell-commands.)
 .rodata.cmd_ping